Symlinking /home/ubuntu/jetarm/devel/include/ros_robot_controller/BuzzerState.h
Symlinking /home/ubuntu/jetarm/devel/include/ros_robot_controller/GetBusServoStateResponse.h
Symlinking /home/ubuntu/jetarm/devel/include/ros_robot_controller/GetPWMServoStateResponse.h
Symlinking /home/ubuntu/jetarm/devel/include/ros_robot_controller/LedState.h
Symlinking /home/ubuntu/jetarm/devel/include/ros_robot_controller/Sbus.h
Symlinking /home/ubuntu/jetarm/devel/include/ros_robot_controller/MotorsState.h
Symlinking /home/ubuntu/jetarm/devel/include/ros_robot_controller/SetBusServoState.h
Symlinking /home/ubuntu/jetarm/devel/include/ros_robot_controller/GetPWMServoCmd.h
Symlinking /home/ubuntu/jetarm/devel/include/ros_robot_controller/GetBusServoState.h
Symlinking /home/ubuntu/jetarm/devel/include/ros_robot_controller/PWMServoState.h
Symlinking /home/ubuntu/jetarm/devel/include/ros_robot_controller/GetPWMServoState.h
Symlinking /home/ubuntu/jetarm/devel/include/ros_robot_controller/BusServoState.h
Symlinking /home/ubuntu/jetarm/devel/include/ros_robot_controller/GetPWMServoStateRequest.h
Symlinking /home/ubuntu/jetarm/devel/include/ros_robot_controller/SetPWMServoState.h
Symlinking /home/ubuntu/jetarm/devel/include/ros_robot_controller/GetBusServoCmd.h
Symlinking /home/ubuntu/jetarm/devel/include/ros_robot_controller/ButtonState.h
Symlinking /home/ubuntu/jetarm/devel/include/ros_robot_controller/MotorState.h
Symlinking /home/ubuntu/jetarm/devel/include/ros_robot_controller/GetBusServoStateRequest.h
Symlinking /home/ubuntu/jetarm/devel/share/roseus/ros/ros_robot_controller/manifest.l
Symlinking /home/ubuntu/jetarm/devel/share/roseus/ros/ros_robot_controller/msg/BusServoState.l
Symlinking /home/ubuntu/jetarm/devel/share/roseus/ros/ros_robot_controller/msg/MotorState.l
Symlinking /home/ubuntu/jetarm/devel/share/roseus/ros/ros_robot_controller/msg/MotorsState.l
Symlinking /home/ubuntu/jetarm/devel/share/roseus/ros/ros_robot_controller/msg/LedState.l
Symlinking /home/ubuntu/jetarm/devel/share/roseus/ros/ros_robot_controller/msg/Sbus.l
Symlinking /home/ubuntu/jetarm/devel/share/roseus/ros/ros_robot_controller/msg/BuzzerState.l
Symlinking /home/ubuntu/jetarm/devel/share/roseus/ros/ros_robot_controller/msg/SetPWMServoState.l
Symlinking /home/ubuntu/jetarm/devel/share/roseus/ros/ros_robot_controller/msg/GetBusServoCmd.l
Symlinking /home/ubuntu/jetarm/devel/share/roseus/ros/ros_robot_controller/msg/SetBusServoState.l
Symlinking /home/ubuntu/jetarm/devel/share/roseus/ros/ros_robot_controller/msg/GetPWMServoCmd.l
Symlinking /home/ubuntu/jetarm/devel/share/roseus/ros/ros_robot_controller/msg/ButtonState.l
Symlinking /home/ubuntu/jetarm/devel/share/roseus/ros/ros_robot_controller/msg/PWMServoState.l
Symlinking /home/ubuntu/jetarm/devel/share/roseus/ros/ros_robot_controller/srv/GetPWMServoState.l
Symlinking /home/ubuntu/jetarm/devel/share/roseus/ros/ros_robot_controller/srv/GetBusServoState.l
Symlinking /home/ubuntu/jetarm/devel/share/ros_robot_controller/cmake/ros_robot_controllerConfig.cmake
Symlinking /home/ubuntu/jetarm/devel/share/ros_robot_controller/cmake/ros_robot_controllerConfig-version.cmake
Symlinking /home/ubuntu/jetarm/devel/share/ros_robot_controller/cmake/ros_robot_controller-msg-paths.cmake
Symlinking /home/ubuntu/jetarm/devel/share/ros_robot_controller/cmake/ros_robot_controller-msg-extras.cmake
Symlinking /home/ubuntu/jetarm/devel/share/gennodejs/ros/ros_robot_controller/_index.js
Symlinking /home/ubuntu/jetarm/devel/share/gennodejs/ros/ros_robot_controller/msg/LedState.js
Symlinking /home/ubuntu/jetarm/devel/share/gennodejs/ros/ros_robot_controller/msg/GetBusServoCmd.js
Symlinking /home/ubuntu/jetarm/devel/share/gennodejs/ros/ros_robot_controller/msg/ButtonState.js
Symlinking /home/ubuntu/jetarm/devel/share/gennodejs/ros/ros_robot_controller/msg/MotorsState.js
Symlinking /home/ubuntu/jetarm/devel/share/gennodejs/ros/ros_robot_controller/msg/_index.js
Symlinking /home/ubuntu/jetarm/devel/share/gennodejs/ros/ros_robot_controller/msg/PWMServoState.js
Symlinking /home/ubuntu/jetarm/devel/share/gennodejs/ros/ros_robot_controller/msg/BuzzerState.js
Symlinking /home/ubuntu/jetarm/devel/share/gennodejs/ros/ros_robot_controller/msg/GetPWMServoCmd.js
Symlinking /home/ubuntu/jetarm/devel/share/gennodejs/ros/ros_robot_controller/msg/MotorState.js
Symlinking /home/ubuntu/jetarm/devel/share/gennodejs/ros/ros_robot_controller/msg/SetPWMServoState.js
Symlinking /home/ubuntu/jetarm/devel/share/gennodejs/ros/ros_robot_controller/msg/BusServoState.js
Symlinking /home/ubuntu/jetarm/devel/share/gennodejs/ros/ros_robot_controller/msg/SetBusServoState.js
Symlinking /home/ubuntu/jetarm/devel/share/gennodejs/ros/ros_robot_controller/msg/Sbus.js
Symlinking /home/ubuntu/jetarm/devel/share/gennodejs/ros/ros_robot_controller/srv/GetPWMServoState.js
Symlinking /home/ubuntu/jetarm/devel/share/gennodejs/ros/ros_robot_controller/srv/GetBusServoState.js
Symlinking /home/ubuntu/jetarm/devel/share/gennodejs/ros/ros_robot_controller/srv/_index.js
Symlinking /home/ubuntu/jetarm/devel/share/common-lisp/ros/ros_robot_controller/msg/_package_ButtonState.lisp
Symlinking /home/ubuntu/jetarm/devel/share/common-lisp/ros/ros_robot_controller/msg/_package_Sbus.lisp
Symlinking /home/ubuntu/jetarm/devel/share/common-lisp/ros/ros_robot_controller/msg/MotorsState.lisp
Symlinking /home/ubuntu/jetarm/devel/share/common-lisp/ros/ros_robot_controller/msg/_package_GetBusServoCmd.lisp
Symlinking /home/ubuntu/jetarm/devel/share/common-lisp/ros/ros_robot_controller/msg/BuzzerState.lisp
Symlinking /home/ubuntu/jetarm/devel/share/common-lisp/ros/ros_robot_controller/msg/_package_PWMServoState.lisp
Symlinking /home/ubuntu/jetarm/devel/share/common-lisp/ros/ros_robot_controller/msg/_package_BusServoState.lisp
Symlinking /home/ubuntu/jetarm/devel/share/common-lisp/ros/ros_robot_controller/msg/ButtonState.lisp
Symlinking /home/ubuntu/jetarm/devel/share/common-lisp/ros/ros_robot_controller/msg/ros_robot_controller-msg.asd
Symlinking /home/ubuntu/jetarm/devel/share/common-lisp/ros/ros_robot_controller/msg/_package_GetPWMServoCmd.lisp
Symlinking /home/ubuntu/jetarm/devel/share/common-lisp/ros/ros_robot_controller/msg/PWMServoState.lisp
Symlinking /home/ubuntu/jetarm/devel/share/common-lisp/ros/ros_robot_controller/msg/_package.lisp
Symlinking /home/ubuntu/jetarm/devel/share/common-lisp/ros/ros_robot_controller/msg/Sbus.lisp
Symlinking /home/ubuntu/jetarm/devel/share/common-lisp/ros/ros_robot_controller/msg/SetPWMServoState.lisp
Symlinking /home/ubuntu/jetarm/devel/share/common-lisp/ros/ros_robot_controller/msg/_package_BuzzerState.lisp
Symlinking /home/ubuntu/jetarm/devel/share/common-lisp/ros/ros_robot_controller/msg/SetBusServoState.lisp
Symlinking /home/ubuntu/jetarm/devel/share/common-lisp/ros/ros_robot_controller/msg/MotorState.lisp
Symlinking /home/ubuntu/jetarm/devel/share/common-lisp/ros/ros_robot_controller/msg/_package_MotorState.lisp
Symlinking /home/ubuntu/jetarm/devel/share/common-lisp/ros/ros_robot_controller/msg/_package_SetPWMServoState.lisp
Symlinking /home/ubuntu/jetarm/devel/share/common-lisp/ros/ros_robot_controller/msg/LedState.lisp
Symlinking /home/ubuntu/jetarm/devel/share/common-lisp/ros/ros_robot_controller/msg/_package_MotorsState.lisp
Symlinking /home/ubuntu/jetarm/devel/share/common-lisp/ros/ros_robot_controller/msg/GetBusServoCmd.lisp
Symlinking /home/ubuntu/jetarm/devel/share/common-lisp/ros/ros_robot_controller/msg/BusServoState.lisp
Symlinking /home/ubuntu/jetarm/devel/share/common-lisp/ros/ros_robot_controller/msg/_package_LedState.lisp
Symlinking /home/ubuntu/jetarm/devel/share/common-lisp/ros/ros_robot_controller/msg/GetPWMServoCmd.lisp
Symlinking /home/ubuntu/jetarm/devel/share/common-lisp/ros/ros_robot_controller/msg/_package_SetBusServoState.lisp
Symlinking /home/ubuntu/jetarm/devel/share/common-lisp/ros/ros_robot_controller/srv/_package_GetPWMServoState.lisp
Symlinking /home/ubuntu/jetarm/devel/share/common-lisp/ros/ros_robot_controller/srv/ros_robot_controller-srv.asd
Symlinking /home/ubuntu/jetarm/devel/share/common-lisp/ros/ros_robot_controller/srv/_package.lisp
Symlinking /home/ubuntu/jetarm/devel/share/common-lisp/ros/ros_robot_controller/srv/_package_GetBusServoState.lisp
Symlinking /home/ubuntu/jetarm/devel/share/common-lisp/ros/ros_robot_controller/srv/GetBusServoState.lisp
Symlinking /home/ubuntu/jetarm/devel/share/common-lisp/ros/ros_robot_controller/srv/GetPWMServoState.lisp
Symlinking /home/ubuntu/jetarm/devel/lib/pkgconfig/ros_robot_controller.pc
Symlinking /home/ubuntu/jetarm/devel/lib/python3/dist-packages/ros_robot_controller/__init__.py
Symlinking /home/ubuntu/jetarm/devel/lib/python3/dist-packages/ros_robot_controller/msg/_PWMServoState.py
Symlinking /home/ubuntu/jetarm/devel/lib/python3/dist-packages/ros_robot_controller/msg/_BusServoState.py
Symlinking /home/ubuntu/jetarm/devel/lib/python3/dist-packages/ros_robot_controller/msg/_SetPWMServoState.py
Symlinking /home/ubuntu/jetarm/devel/lib/python3/dist-packages/ros_robot_controller/msg/_ButtonState.py
Symlinking /home/ubuntu/jetarm/devel/lib/python3/dist-packages/ros_robot_controller/msg/_MotorState.py
Symlinking /home/ubuntu/jetarm/devel/lib/python3/dist-packages/ros_robot_controller/msg/__init__.py
Symlinking /home/ubuntu/jetarm/devel/lib/python3/dist-packages/ros_robot_controller/msg/_BuzzerState.py
Symlinking /home/ubuntu/jetarm/devel/lib/python3/dist-packages/ros_robot_controller/msg/_GetPWMServoCmd.py
Symlinking /home/ubuntu/jetarm/devel/lib/python3/dist-packages/ros_robot_controller/msg/_MotorsState.py
Symlinking /home/ubuntu/jetarm/devel/lib/python3/dist-packages/ros_robot_controller/msg/_SetBusServoState.py
Symlinking /home/ubuntu/jetarm/devel/lib/python3/dist-packages/ros_robot_controller/msg/_LedState.py
Symlinking /home/ubuntu/jetarm/devel/lib/python3/dist-packages/ros_robot_controller/msg/_Sbus.py
Symlinking /home/ubuntu/jetarm/devel/lib/python3/dist-packages/ros_robot_controller/msg/_GetBusServoCmd.py
Symlinking /home/ubuntu/jetarm/devel/lib/python3/dist-packages/ros_robot_controller/srv/__init__.py
Symlinking /home/ubuntu/jetarm/devel/lib/python3/dist-packages/ros_robot_controller/srv/_GetPWMServoState.py
Symlinking /home/ubuntu/jetarm/devel/lib/python3/dist-packages/ros_robot_controller/srv/_GetBusServoState.py
