[35m[1mScanning dependencies of target std_msgs_generate_messages_lisp[0m
[35m[1mScanning dependencies of target _ros_robot_controller_generate_messages_check_deps_GetPWMServoState[0m
[35m[1mScanning dependencies of target _ros_robot_controller_generate_messages_check_deps_GetPWMServoCmd[0m
[35m[1mScanning dependencies of target _ros_robot_controller_generate_messages_check_deps_MotorState[0m
[35m[1mScanning dependencies of target _ros_robot_controller_generate_messages_check_deps_Sbus[0m
[35m[1mScanning dependencies of target _ros_robot_controller_generate_messages_check_deps_GetBusServoState[0m
[  0%] Built target std_msgs_generate_messages_lisp
[35m[1mScanning dependencies of target _ros_robot_controller_generate_messages_check_deps_ButtonState[0m
[  0%] Built target _ros_robot_controller_generate_messages_check_deps_MotorState
[35m[1mScanning dependencies of target _ros_robot_controller_generate_messages_check_deps_LedState[0m
[  0%] Built target _ros_robot_controller_generate_messages_check_deps_Sbus
[  0%] Built target _ros_robot_controller_generate_messages_check_deps_GetPWMServoCmd
[  0%] Built target _ros_robot_controller_generate_messages_check_deps_GetPWMServoState
[  0%] Built target _ros_robot_controller_generate_messages_check_deps_ButtonState
[35m[1mScanning dependencies of target _ros_robot_controller_generate_messages_check_deps_BusServoState[0m
[35m[1mScanning dependencies of target _ros_robot_controller_generate_messages_check_deps_BuzzerState[0m
[  0%] Built target _ros_robot_controller_generate_messages_check_deps_GetBusServoState
[35m[1mScanning dependencies of target _ros_robot_controller_generate_messages_check_deps_GetBusServoCmd[0m
[35m[1mScanning dependencies of target _ros_robot_controller_generate_messages_check_deps_SetBusServoState[0m
[35m[1mScanning dependencies of target _ros_robot_controller_generate_messages_check_deps_SetPWMServoState[0m
[  0%] Built target _ros_robot_controller_generate_messages_check_deps_LedState
[35m[1mScanning dependencies of target _ros_robot_controller_generate_messages_check_deps_MotorsState[0m
[  0%] Built target _ros_robot_controller_generate_messages_check_deps_BusServoState
[35m[1mScanning dependencies of target _ros_robot_controller_generate_messages_check_deps_PWMServoState[0m
[  0%] Built target _ros_robot_controller_generate_messages_check_deps_SetPWMServoState
[  0%] Built target _ros_robot_controller_generate_messages_check_deps_BuzzerState
[  0%] Built target _ros_robot_controller_generate_messages_check_deps_SetBusServoState
[  0%] Built target _ros_robot_controller_generate_messages_check_deps_GetBusServoCmd
[35m[1mScanning dependencies of target std_msgs_generate_messages_py[0m
[35m[1mScanning dependencies of target std_msgs_generate_messages_cpp[0m
[35m[1mScanning dependencies of target std_msgs_generate_messages_eus[0m
[  0%] Built target std_msgs_generate_messages_cpp
[35m[1mScanning dependencies of target std_msgs_generate_messages_nodejs[0m
[  0%] Built target std_msgs_generate_messages_py
[  0%] Built target _ros_robot_controller_generate_messages_check_deps_MotorsState
[  0%] Built target std_msgs_generate_messages_nodejs
[  0%] Built target std_msgs_generate_messages_eus
[  0%] Built target _ros_robot_controller_generate_messages_check_deps_PWMServoState
[35m[1mScanning dependencies of target ros_robot_controller_generate_messages_py[0m
[35m[1mScanning dependencies of target ros_robot_controller_generate_messages_eus[0m
[35m[1mScanning dependencies of target ros_robot_controller_generate_messages_cpp[0m
[35m[1mScanning dependencies of target ros_robot_controller_generate_messages_lisp[0m
[35m[1mScanning dependencies of target ros_robot_controller_generate_messages_nodejs[0m
[  2%] [34m[1mGenerating Lisp code from ros_robot_controller/Sbus.msg[0m
[  2%] [34m[1mGenerating Python from MSG ros_robot_controller/Sbus[0m
[  4%] [34m[1mGenerating EusLisp code from ros_robot_controller/Sbus.msg[0m
[  5%] [34m[1mGenerating C++ code from ros_robot_controller/Sbus.msg[0m
[  6%] [34m[1mGenerating Python from MSG ros_robot_controller/ButtonState[0m
[  8%] [34m[1mGenerating Javascript code from ros_robot_controller/Sbus.msg[0m
[  9%] [34m[1mGenerating Javascript code from ros_robot_controller/ButtonState.msg[0m
[ 10%] [34m[1mGenerating Lisp code from ros_robot_controller/ButtonState.msg[0m
[ 12%] [34m[1mGenerating EusLisp code from ros_robot_controller/ButtonState.msg[0m
[ 13%] [34m[1mGenerating Lisp code from ros_robot_controller/LedState.msg[0m
[ 15%] [34m[1mGenerating C++ code from ros_robot_controller/ButtonState.msg[0m
[ 16%] [34m[1mGenerating Python from MSG ros_robot_controller/LedState[0m
[ 17%] [34m[1mGenerating Javascript code from ros_robot_controller/LedState.msg[0m
[ 19%] [34m[1mGenerating Python from MSG ros_robot_controller/BuzzerState[0m
[ 20%] [34m[1mGenerating EusLisp code from ros_robot_controller/LedState.msg[0m
[ 21%] [34m[1mGenerating Lisp code from ros_robot_controller/BuzzerState.msg[0m
[ 23%] [34m[1mGenerating Javascript code from ros_robot_controller/BuzzerState.msg[0m
[ 24%] [34m[1mGenerating Javascript code from ros_robot_controller/MotorState.msg[0m
[ 26%] [34m[1mGenerating C++ code from ros_robot_controller/LedState.msg[0m
[ 27%] [34m[1mGenerating Lisp code from ros_robot_controller/MotorState.msg[0m
[ 28%] [34m[1mGenerating EusLisp code from ros_robot_controller/BuzzerState.msg[0m
[ 30%] [34m[1mGenerating Python from MSG ros_robot_controller/MotorState[0m
[ 31%] [34m[1mGenerating Javascript code from ros_robot_controller/MotorsState.msg[0m
[ 32%] [34m[1mGenerating Python from MSG ros_robot_controller/MotorsState[0m
[ 34%] [34m[1mGenerating Lisp code from ros_robot_controller/MotorsState.msg[0m
[ 35%] [34m[1mGenerating Javascript code from ros_robot_controller/BusServoState.msg[0m
[ 36%] [34m[1mGenerating EusLisp code from ros_robot_controller/MotorState.msg[0m
[ 38%] [34m[1mGenerating C++ code from ros_robot_controller/BuzzerState.msg[0m
[ 39%] [34m[1mGenerating Lisp code from ros_robot_controller/BusServoState.msg[0m
[ 42%] [34m[1mGenerating Python from MSG ros_robot_controller/BusServoState[0m
[ 42%] [34m[1mGenerating Javascript code from ros_robot_controller/GetBusServoCmd.msg[0m
[ 43%] [34m[1mGenerating Python from MSG ros_robot_controller/GetBusServoCmd[0m
[ 45%] [34m[1mGenerating EusLisp code from ros_robot_controller/MotorsState.msg[0m
[ 46%] [34m[1mGenerating Lisp code from ros_robot_controller/GetBusServoCmd.msg[0m
[ 47%] [34m[1mGenerating Javascript code from ros_robot_controller/SetBusServoState.msg[0m
[ 49%] [34m[1mGenerating C++ code from ros_robot_controller/MotorState.msg[0m
[ 50%] [34m[1mGenerating Javascript code from ros_robot_controller/PWMServoState.msg[0m
[ 52%] [34m[1mGenerating Lisp code from ros_robot_controller/SetBusServoState.msg[0m
[ 53%] [34m[1mGenerating Lisp code from ros_robot_controller/PWMServoState.msg[0m
[ 54%] [34m[1mGenerating Javascript code from ros_robot_controller/GetPWMServoCmd.msg[0m
[ 56%] [34m[1mGenerating EusLisp code from ros_robot_controller/BusServoState.msg[0m
[ 57%] [34m[1mGenerating Lisp code from ros_robot_controller/GetPWMServoCmd.msg[0m
[ 58%] [34m[1mGenerating C++ code from ros_robot_controller/MotorsState.msg[0m
[ 60%] [34m[1mGenerating Python from MSG ros_robot_controller/SetBusServoState[0m
[ 61%] [34m[1mGenerating Lisp code from ros_robot_controller/SetPWMServoState.msg[0m
[ 63%] [34m[1mGenerating Lisp code from ros_robot_controller/GetBusServoState.srv[0m
[ 64%] [34m[1mGenerating Javascript code from ros_robot_controller/SetPWMServoState.msg[0m
[ 65%] [34m[1mGenerating Javascript code from ros_robot_controller/GetBusServoState.srv[0m
[ 68%] [34m[1mGenerating Lisp code from ros_robot_controller/GetPWMServoState.srv[0m
[ 68%] [34m[1mGenerating EusLisp code from ros_robot_controller/GetBusServoCmd.msg[0m
[ 69%] [34m[1mGenerating Javascript code from ros_robot_controller/GetPWMServoState.srv[0m
[ 71%] [34m[1mGenerating C++ code from ros_robot_controller/BusServoState.msg[0m
[ 71%] Built target ros_robot_controller_generate_messages_lisp
[ 72%] [34m[1mGenerating EusLisp code from ros_robot_controller/SetBusServoState.msg[0m
[ 73%] [34m[1mGenerating C++ code from ros_robot_controller/GetBusServoCmd.msg[0m
[ 73%] Built target ros_robot_controller_generate_messages_nodejs
[ 75%] [34m[1mGenerating Python from MSG ros_robot_controller/PWMServoState[0m
[ 76%] [34m[1mGenerating C++ code from ros_robot_controller/SetBusServoState.msg[0m
[ 78%] [34m[1mGenerating EusLisp code from ros_robot_controller/PWMServoState.msg[0m
[ 79%] [34m[1mGenerating C++ code from ros_robot_controller/PWMServoState.msg[0m
[ 80%] [34m[1mGenerating EusLisp code from ros_robot_controller/GetPWMServoCmd.msg[0m
[ 82%] [34m[1mGenerating EusLisp code from ros_robot_controller/SetPWMServoState.msg[0m
[ 83%] [34m[1mGenerating C++ code from ros_robot_controller/GetPWMServoCmd.msg[0m
[ 84%] [34m[1mGenerating C++ code from ros_robot_controller/SetPWMServoState.msg[0m
[ 86%] [34m[1mGenerating C++ code from ros_robot_controller/GetBusServoState.srv[0m
[ 87%] [34m[1mGenerating EusLisp code from ros_robot_controller/GetPWMServoState.srv[0m
[ 89%] [34m[1mGenerating EusLisp code from ros_robot_controller/GetBusServoState.srv[0m
[ 90%] [34m[1mGenerating C++ code from ros_robot_controller/GetPWMServoState.srv[0m
[ 91%] [34m[1mGenerating Python from MSG ros_robot_controller/GetPWMServoCmd[0m
[ 93%] [34m[1mGenerating Python from MSG ros_robot_controller/SetPWMServoState[0m
[ 94%] [34m[1mGenerating Python code from SRV ros_robot_controller/GetBusServoState[0m
[ 95%] [34m[1mGenerating EusLisp manifest code for ros_robot_controller[0m
[ 97%] [34m[1mGenerating Python code from SRV ros_robot_controller/GetPWMServoState[0m
[ 97%] Built target ros_robot_controller_generate_messages_cpp
[ 98%] [34m[1mGenerating Python srv __init__.py for ros_robot_controller[0m
[100%] [34m[1mGenerating Python msg __init__.py for ros_robot_controller[0m
[100%] Built target ros_robot_controller_generate_messages_py
[100%] Built target ros_robot_controller_generate_messages_eus
[35m[1mScanning dependencies of target ros_robot_controller_generate_messages[0m
[100%] Built target ros_robot_controller_generate_messages
