Symlinking /home/ubuntu/jetarm/devel/include/lab_config/GetAllColorNameRequest.h
Symlinking /home/ubuntu/jetarm/devel/include/lab_config/ChangeRange.h
Symlinking /home/ubuntu/jetarm/devel/include/lab_config/StashRange.h
Symlinking /home/ubuntu/jetarm/devel/include/lab_config/ChangeRangeRequest.h
Symlinking /home/ubuntu/jetarm/devel/include/lab_config/GetAllColorNameResponse.h
Symlinking /home/ubuntu/jetarm/devel/include/lab_config/GetRange.h
Symlinking /home/ubuntu/jetarm/devel/include/lab_config/GetRangeRequest.h
Symlinking /home/ubuntu/jetarm/devel/include/lab_config/GetAllColorName.h
Symlinking /home/ubuntu/jetarm/devel/include/lab_config/GetRangeResponse.h
Symlinking /home/ubuntu/jetarm/devel/include/lab_config/StashRangeRequest.h
Symlinking /home/ubuntu/jetarm/devel/include/lab_config/StashRangeResponse.h
Symlinking /home/ubuntu/jetarm/devel/include/lab_config/ChangeRangeResponse.h
Symlinking /home/ubuntu/jetarm/devel/share/roseus/ros/lab_config/manifest.l
Symlinking /home/ubuntu/jetarm/devel/share/roseus/ros/lab_config/srv/GetAllColorName.l
Symlinking /home/ubuntu/jetarm/devel/share/roseus/ros/lab_config/srv/GetRange.l
Symlinking /home/ubuntu/jetarm/devel/share/roseus/ros/lab_config/srv/StashRange.l
Symlinking /home/ubuntu/jetarm/devel/share/roseus/ros/lab_config/srv/ChangeRange.l
Symlinking /home/ubuntu/jetarm/devel/share/lab_config/cmake/lab_configConfig-version.cmake
Symlinking /home/ubuntu/jetarm/devel/share/lab_config/cmake/lab_config-msg-paths.cmake
Symlinking /home/ubuntu/jetarm/devel/share/lab_config/cmake/lab_configConfig.cmake
Symlinking /home/ubuntu/jetarm/devel/share/lab_config/cmake/lab_config-msg-extras.cmake
Symlinking /home/ubuntu/jetarm/devel/share/gennodejs/ros/lab_config/_index.js
Symlinking /home/ubuntu/jetarm/devel/share/gennodejs/ros/lab_config/srv/ChangeRange.js
Symlinking /home/ubuntu/jetarm/devel/share/gennodejs/ros/lab_config/srv/GetAllColorName.js
Symlinking /home/ubuntu/jetarm/devel/share/gennodejs/ros/lab_config/srv/StashRange.js
Symlinking /home/ubuntu/jetarm/devel/share/gennodejs/ros/lab_config/srv/_index.js
Symlinking /home/ubuntu/jetarm/devel/share/gennodejs/ros/lab_config/srv/GetRange.js
Symlinking /home/ubuntu/jetarm/devel/share/common-lisp/ros/lab_config/srv/ChangeRange.lisp
Symlinking /home/ubuntu/jetarm/devel/share/common-lisp/ros/lab_config/srv/_package_GetAllColorName.lisp
Symlinking /home/ubuntu/jetarm/devel/share/common-lisp/ros/lab_config/srv/_package_ChangeRange.lisp
Symlinking /home/ubuntu/jetarm/devel/share/common-lisp/ros/lab_config/srv/_package_GetRange.lisp
Symlinking /home/ubuntu/jetarm/devel/share/common-lisp/ros/lab_config/srv/lab_config-srv.asd
Symlinking /home/ubuntu/jetarm/devel/share/common-lisp/ros/lab_config/srv/GetAllColorName.lisp
Symlinking /home/ubuntu/jetarm/devel/share/common-lisp/ros/lab_config/srv/StashRange.lisp
Symlinking /home/ubuntu/jetarm/devel/share/common-lisp/ros/lab_config/srv/_package.lisp
Symlinking /home/ubuntu/jetarm/devel/share/common-lisp/ros/lab_config/srv/_package_StashRange.lisp
Symlinking /home/ubuntu/jetarm/devel/share/common-lisp/ros/lab_config/srv/GetRange.lisp
Symlinking /home/ubuntu/jetarm/devel/lib/pkgconfig/lab_config.pc
Symlinking /home/ubuntu/jetarm/devel/lib/python3/dist-packages/lab_config/__init__.py
Symlinking /home/ubuntu/jetarm/devel/lib/python3/dist-packages/lab_config/srv/_ChangeRange.py
Symlinking /home/ubuntu/jetarm/devel/lib/python3/dist-packages/lab_config/srv/_GetAllColorName.py
Symlinking /home/ubuntu/jetarm/devel/lib/python3/dist-packages/lab_config/srv/__init__.py
Symlinking /home/ubuntu/jetarm/devel/lib/python3/dist-packages/lab_config/srv/_GetRange.py
Symlinking /home/ubuntu/jetarm/devel/lib/python3/dist-packages/lab_config/srv/_StashRange.py
