Linked: (/home/ubuntu/jetarm/devel/.private/xf_mic_asr_offline/include/xf_mic_asr_offline/BuzzerState.h, /home/ubuntu/jetarm/devel/include/xf_mic_asr_offline/BuzzerState.h)
Linked: (/home/ubuntu/jetarm/devel/.private/xf_mic_asr_offline/include/xf_mic_asr_offline/SetStringResponse.h, /home/ubuntu/jetarm/devel/include/xf_mic_asr_offline/SetStringResponse.h)
Linked: (/home/ubuntu/jetarm/devel/.private/xf_mic_asr_offline/include/xf_mic_asr_offline/GetOfflineResultResponse.h, /home/ubuntu/jetarm/devel/include/xf_mic_asr_offline/GetOfflineResultResponse.h)
Linked: (/home/ubuntu/jetarm/devel/.private/xf_mic_asr_offline/include/xf_mic_asr_offline/GetOfflineResultRequest.h, /home/ubuntu/jetarm/devel/include/xf_mic_asr_offline/GetOfflineResultRequest.h)
Linked: (/home/ubuntu/jetarm/devel/.private/xf_mic_asr_offline/include/xf_mic_asr_offline/SetString.h, /home/ubuntu/jetarm/devel/include/xf_mic_asr_offline/SetString.h)
Linked: (/home/ubuntu/jetarm/devel/.private/xf_mic_asr_offline/include/xf_mic_asr_offline/GetOfflineResult.h, /home/ubuntu/jetarm/devel/include/xf_mic_asr_offline/GetOfflineResult.h)
Linked: (/home/ubuntu/jetarm/devel/.private/xf_mic_asr_offline/include/xf_mic_asr_offline/SetStringRequest.h, /home/ubuntu/jetarm/devel/include/xf_mic_asr_offline/SetStringRequest.h)
Linked: (/home/ubuntu/jetarm/devel/.private/xf_mic_asr_offline/share/roseus/ros/xf_mic_asr_offline/manifest.l, /home/ubuntu/jetarm/devel/share/roseus/ros/xf_mic_asr_offline/manifest.l)
Linked: (/home/ubuntu/jetarm/devel/.private/xf_mic_asr_offline/share/roseus/ros/xf_mic_asr_offline/msg/BuzzerState.l, /home/ubuntu/jetarm/devel/share/roseus/ros/xf_mic_asr_offline/msg/BuzzerState.l)
Linked: (/home/ubuntu/jetarm/devel/.private/xf_mic_asr_offline/share/roseus/ros/xf_mic_asr_offline/srv/GetOfflineResult.l, /home/ubuntu/jetarm/devel/share/roseus/ros/xf_mic_asr_offline/srv/GetOfflineResult.l)
Linked: (/home/ubuntu/jetarm/devel/.private/xf_mic_asr_offline/share/roseus/ros/xf_mic_asr_offline/srv/SetString.l, /home/ubuntu/jetarm/devel/share/roseus/ros/xf_mic_asr_offline/srv/SetString.l)
Linked: (/home/ubuntu/jetarm/devel/.private/xf_mic_asr_offline/share/gennodejs/ros/xf_mic_asr_offline/_index.js, /home/ubuntu/jetarm/devel/share/gennodejs/ros/xf_mic_asr_offline/_index.js)
Linked: (/home/ubuntu/jetarm/devel/.private/xf_mic_asr_offline/share/gennodejs/ros/xf_mic_asr_offline/msg/_index.js, /home/ubuntu/jetarm/devel/share/gennodejs/ros/xf_mic_asr_offline/msg/_index.js)
Linked: (/home/ubuntu/jetarm/devel/.private/xf_mic_asr_offline/share/gennodejs/ros/xf_mic_asr_offline/msg/BuzzerState.js, /home/ubuntu/jetarm/devel/share/gennodejs/ros/xf_mic_asr_offline/msg/BuzzerState.js)
Linked: (/home/ubuntu/jetarm/devel/.private/xf_mic_asr_offline/share/gennodejs/ros/xf_mic_asr_offline/srv/GetOfflineResult.js, /home/ubuntu/jetarm/devel/share/gennodejs/ros/xf_mic_asr_offline/srv/GetOfflineResult.js)
Linked: (/home/ubuntu/jetarm/devel/.private/xf_mic_asr_offline/share/gennodejs/ros/xf_mic_asr_offline/srv/SetString.js, /home/ubuntu/jetarm/devel/share/gennodejs/ros/xf_mic_asr_offline/srv/SetString.js)
Linked: (/home/ubuntu/jetarm/devel/.private/xf_mic_asr_offline/share/gennodejs/ros/xf_mic_asr_offline/srv/_index.js, /home/ubuntu/jetarm/devel/share/gennodejs/ros/xf_mic_asr_offline/srv/_index.js)
Linked: (/home/ubuntu/jetarm/devel/.private/xf_mic_asr_offline/share/common-lisp/ros/xf_mic_asr_offline/msg/BuzzerState.lisp, /home/ubuntu/jetarm/devel/share/common-lisp/ros/xf_mic_asr_offline/msg/BuzzerState.lisp)
Linked: (/home/ubuntu/jetarm/devel/.private/xf_mic_asr_offline/share/common-lisp/ros/xf_mic_asr_offline/msg/_package.lisp, /home/ubuntu/jetarm/devel/share/common-lisp/ros/xf_mic_asr_offline/msg/_package.lisp)
Linked: (/home/ubuntu/jetarm/devel/.private/xf_mic_asr_offline/share/common-lisp/ros/xf_mic_asr_offline/msg/_package_BuzzerState.lisp, /home/ubuntu/jetarm/devel/share/common-lisp/ros/xf_mic_asr_offline/msg/_package_BuzzerState.lisp)
Linked: (/home/ubuntu/jetarm/devel/.private/xf_mic_asr_offline/share/common-lisp/ros/xf_mic_asr_offline/msg/xf_mic_asr_offline-msg.asd, /home/ubuntu/jetarm/devel/share/common-lisp/ros/xf_mic_asr_offline/msg/xf_mic_asr_offline-msg.asd)
Linked: (/home/ubuntu/jetarm/devel/.private/xf_mic_asr_offline/share/common-lisp/ros/xf_mic_asr_offline/srv/SetString.lisp, /home/ubuntu/jetarm/devel/share/common-lisp/ros/xf_mic_asr_offline/srv/SetString.lisp)
Linked: (/home/ubuntu/jetarm/devel/.private/xf_mic_asr_offline/share/common-lisp/ros/xf_mic_asr_offline/srv/_package_SetString.lisp, /home/ubuntu/jetarm/devel/share/common-lisp/ros/xf_mic_asr_offline/srv/_package_SetString.lisp)
Linked: (/home/ubuntu/jetarm/devel/.private/xf_mic_asr_offline/share/common-lisp/ros/xf_mic_asr_offline/srv/_package.lisp, /home/ubuntu/jetarm/devel/share/common-lisp/ros/xf_mic_asr_offline/srv/_package.lisp)
Linked: (/home/ubuntu/jetarm/devel/.private/xf_mic_asr_offline/share/common-lisp/ros/xf_mic_asr_offline/srv/GetOfflineResult.lisp, /home/ubuntu/jetarm/devel/share/common-lisp/ros/xf_mic_asr_offline/srv/GetOfflineResult.lisp)
Linked: (/home/ubuntu/jetarm/devel/.private/xf_mic_asr_offline/share/common-lisp/ros/xf_mic_asr_offline/srv/_package_GetOfflineResult.lisp, /home/ubuntu/jetarm/devel/share/common-lisp/ros/xf_mic_asr_offline/srv/_package_GetOfflineResult.lisp)
Linked: (/home/ubuntu/jetarm/devel/.private/xf_mic_asr_offline/share/common-lisp/ros/xf_mic_asr_offline/srv/xf_mic_asr_offline-srv.asd, /home/ubuntu/jetarm/devel/share/common-lisp/ros/xf_mic_asr_offline/srv/xf_mic_asr_offline-srv.asd)
Linked: (/home/ubuntu/jetarm/devel/.private/xf_mic_asr_offline/share/xf_mic_asr_offline/cmake/xf_mic_asr_offline-msg-paths.cmake, /home/ubuntu/jetarm/devel/share/xf_mic_asr_offline/cmake/xf_mic_asr_offline-msg-paths.cmake)
Linked: (/home/ubuntu/jetarm/devel/.private/xf_mic_asr_offline/share/xf_mic_asr_offline/cmake/xf_mic_asr_offlineConfig-version.cmake, /home/ubuntu/jetarm/devel/share/xf_mic_asr_offline/cmake/xf_mic_asr_offlineConfig-version.cmake)
Linked: (/home/ubuntu/jetarm/devel/.private/xf_mic_asr_offline/share/xf_mic_asr_offline/cmake/xf_mic_asr_offlineConfig.cmake, /home/ubuntu/jetarm/devel/share/xf_mic_asr_offline/cmake/xf_mic_asr_offlineConfig.cmake)
Linked: (/home/ubuntu/jetarm/devel/.private/xf_mic_asr_offline/share/xf_mic_asr_offline/cmake/xf_mic_asr_offline-msg-extras.cmake, /home/ubuntu/jetarm/devel/share/xf_mic_asr_offline/cmake/xf_mic_asr_offline-msg-extras.cmake)
Linked: (/home/ubuntu/jetarm/devel/.private/xf_mic_asr_offline/lib/pkgconfig/xf_mic_asr_offline.pc, /home/ubuntu/jetarm/devel/lib/pkgconfig/xf_mic_asr_offline.pc)
Linked: (/home/ubuntu/jetarm/devel/.private/xf_mic_asr_offline/lib/xf_mic_asr_offline/voice_control, /home/ubuntu/jetarm/devel/lib/xf_mic_asr_offline/voice_control)
Linked: (/home/ubuntu/jetarm/devel/.private/xf_mic_asr_offline/lib/python3/dist-packages/xf_mic_asr_offline/__init__.py, /home/ubuntu/jetarm/devel/lib/python3/dist-packages/xf_mic_asr_offline/__init__.py)
Linked: (/home/ubuntu/jetarm/devel/.private/xf_mic_asr_offline/lib/python3/dist-packages/xf_mic_asr_offline/msg/__init__.py, /home/ubuntu/jetarm/devel/lib/python3/dist-packages/xf_mic_asr_offline/msg/__init__.py)
Linked: (/home/ubuntu/jetarm/devel/.private/xf_mic_asr_offline/lib/python3/dist-packages/xf_mic_asr_offline/msg/_BuzzerState.py, /home/ubuntu/jetarm/devel/lib/python3/dist-packages/xf_mic_asr_offline/msg/_BuzzerState.py)
Linked: (/home/ubuntu/jetarm/devel/.private/xf_mic_asr_offline/lib/python3/dist-packages/xf_mic_asr_offline/srv/__init__.py, /home/ubuntu/jetarm/devel/lib/python3/dist-packages/xf_mic_asr_offline/srv/__init__.py)
Linked: (/home/ubuntu/jetarm/devel/.private/xf_mic_asr_offline/lib/python3/dist-packages/xf_mic_asr_offline/srv/_GetOfflineResult.py, /home/ubuntu/jetarm/devel/lib/python3/dist-packages/xf_mic_asr_offline/srv/_GetOfflineResult.py)
Linked: (/home/ubuntu/jetarm/devel/.private/xf_mic_asr_offline/lib/python3/dist-packages/xf_mic_asr_offline/srv/_SetString.py, /home/ubuntu/jetarm/devel/lib/python3/dist-packages/xf_mic_asr_offline/srv/_SetString.py)
