Symlinking /home/ubuntu/jetarm/devel/include/xf_mic_asr_offline/BuzzerState.h
Symlinking /home/ubuntu/jetarm/devel/include/xf_mic_asr_offline/SetStringResponse.h
Symlinking /home/ubuntu/jetarm/devel/include/xf_mic_asr_offline/GetOfflineResultResponse.h
Symlinking /home/ubuntu/jetarm/devel/include/xf_mic_asr_offline/GetOfflineResultRequest.h
Symlinking /home/ubuntu/jetarm/devel/include/xf_mic_asr_offline/SetString.h
Symlinking /home/ubuntu/jetarm/devel/include/xf_mic_asr_offline/GetOfflineResult.h
Symlinking /home/ubuntu/jetarm/devel/include/xf_mic_asr_offline/SetStringRequest.h
Symlinking /home/ubuntu/jetarm/devel/share/roseus/ros/xf_mic_asr_offline/manifest.l
Symlinking /home/ubuntu/jetarm/devel/share/roseus/ros/xf_mic_asr_offline/msg/BuzzerState.l
Symlinking /home/ubuntu/jetarm/devel/share/roseus/ros/xf_mic_asr_offline/srv/GetOfflineResult.l
Symlinking /home/ubuntu/jetarm/devel/share/roseus/ros/xf_mic_asr_offline/srv/SetString.l
Symlinking /home/ubuntu/jetarm/devel/share/gennodejs/ros/xf_mic_asr_offline/_index.js
Symlinking /home/ubuntu/jetarm/devel/share/gennodejs/ros/xf_mic_asr_offline/msg/_index.js
Symlinking /home/ubuntu/jetarm/devel/share/gennodejs/ros/xf_mic_asr_offline/msg/BuzzerState.js
Symlinking /home/ubuntu/jetarm/devel/share/gennodejs/ros/xf_mic_asr_offline/srv/GetOfflineResult.js
Symlinking /home/ubuntu/jetarm/devel/share/gennodejs/ros/xf_mic_asr_offline/srv/SetString.js
Symlinking /home/ubuntu/jetarm/devel/share/gennodejs/ros/xf_mic_asr_offline/srv/_index.js
Symlinking /home/ubuntu/jetarm/devel/share/common-lisp/ros/xf_mic_asr_offline/msg/BuzzerState.lisp
Symlinking /home/ubuntu/jetarm/devel/share/common-lisp/ros/xf_mic_asr_offline/msg/_package.lisp
Symlinking /home/ubuntu/jetarm/devel/share/common-lisp/ros/xf_mic_asr_offline/msg/_package_BuzzerState.lisp
Symlinking /home/ubuntu/jetarm/devel/share/common-lisp/ros/xf_mic_asr_offline/msg/xf_mic_asr_offline-msg.asd
Symlinking /home/ubuntu/jetarm/devel/share/common-lisp/ros/xf_mic_asr_offline/srv/SetString.lisp
Symlinking /home/ubuntu/jetarm/devel/share/common-lisp/ros/xf_mic_asr_offline/srv/_package_SetString.lisp
Symlinking /home/ubuntu/jetarm/devel/share/common-lisp/ros/xf_mic_asr_offline/srv/_package.lisp
Symlinking /home/ubuntu/jetarm/devel/share/common-lisp/ros/xf_mic_asr_offline/srv/GetOfflineResult.lisp
Symlinking /home/ubuntu/jetarm/devel/share/common-lisp/ros/xf_mic_asr_offline/srv/_package_GetOfflineResult.lisp
Symlinking /home/ubuntu/jetarm/devel/share/common-lisp/ros/xf_mic_asr_offline/srv/xf_mic_asr_offline-srv.asd
Symlinking /home/ubuntu/jetarm/devel/share/xf_mic_asr_offline/cmake/xf_mic_asr_offline-msg-paths.cmake
Symlinking /home/ubuntu/jetarm/devel/share/xf_mic_asr_offline/cmake/xf_mic_asr_offlineConfig-version.cmake
Symlinking /home/ubuntu/jetarm/devel/share/xf_mic_asr_offline/cmake/xf_mic_asr_offlineConfig.cmake
Symlinking /home/ubuntu/jetarm/devel/share/xf_mic_asr_offline/cmake/xf_mic_asr_offline-msg-extras.cmake
Symlinking /home/ubuntu/jetarm/devel/lib/pkgconfig/xf_mic_asr_offline.pc
Symlinking /home/ubuntu/jetarm/devel/lib/xf_mic_asr_offline/voice_control
Symlinking /home/ubuntu/jetarm/devel/lib/python3/dist-packages/xf_mic_asr_offline/__init__.py
Symlinking /home/ubuntu/jetarm/devel/lib/python3/dist-packages/xf_mic_asr_offline/msg/__init__.py
Symlinking /home/ubuntu/jetarm/devel/lib/python3/dist-packages/xf_mic_asr_offline/msg/_BuzzerState.py
Symlinking /home/ubuntu/jetarm/devel/lib/python3/dist-packages/xf_mic_asr_offline/srv/__init__.py
Symlinking /home/ubuntu/jetarm/devel/lib/python3/dist-packages/xf_mic_asr_offline/srv/_GetOfflineResult.py
Symlinking /home/ubuntu/jetarm/devel/lib/python3/dist-packages/xf_mic_asr_offline/srv/_SetString.py
