[35m[1mScanning dependencies of target actionlib_generate_messages_nodejs[0m
[  0%] Built target actionlib_generate_messages_nodejs
[35m[1mScanning dependencies of target _astra_camera_generate_messages_check_deps_Metadata[0m
[  0%] Built target _astra_camera_generate_messages_check_deps_Metadata
[35m[1mScanning dependencies of target _astra_camera_generate_messages_check_deps_SetInt32[0m
[  0%] Built target _astra_camera_generate_messages_check_deps_SetInt32
[35m[1mScanning dependencies of target _astra_camera_generate_messages_check_deps_GetString[0m
[  0%] Built target _astra_camera_generate_messages_check_deps_GetString
[35m[1mScanning dependencies of target _astra_camera_generate_messages_check_deps_GetDouble[0m
[  0%] Built target _astra_camera_generate_messages_check_deps_GetDouble
[35m[1mScanning dependencies of target _astra_camera_generate_messages_check_deps_GetCameraParams[0m
[35m[1mScanning dependencies of target _astra_camera_generate_messages_check_deps_GetCameraInfo[0m
[  0%] Built target _astra_camera_generate_messages_check_deps_GetCameraParams
[35m[1mScanning dependencies of target _astra_camera_generate_messages_check_deps_GetBool[0m
[  0%] Built target _astra_camera_generate_messages_check_deps_GetCameraInfo
[35m[1mScanning dependencies of target _astra_camera_generate_messages_check_deps_Extrinsics[0m
[  0%] Built target _astra_camera_generate_messages_check_deps_GetBool
[35m[1mScanning dependencies of target sensor_msgs_generate_messages_cpp[0m
[  0%] Built target sensor_msgs_generate_messages_cpp
[  0%] Built target _astra_camera_generate_messages_check_deps_Extrinsics
[35m[1mScanning dependencies of target std_msgs_generate_messages_cpp[0m
[35m[1mScanning dependencies of target _astra_camera_generate_messages_check_deps_GetDeviceInfo[0m
[  0%] Built target std_msgs_generate_messages_cpp
[35m[1mScanning dependencies of target _astra_camera_generate_messages_check_deps_GetInt32[0m
[  0%] Built target _astra_camera_generate_messages_check_deps_GetDeviceInfo
[  0%] Built target _astra_camera_generate_messages_check_deps_GetInt32
[35m[1mScanning dependencies of target _astra_camera_generate_messages_check_deps_SetString[0m
[  0%] Built target _astra_camera_generate_messages_check_deps_SetString
[35m[1mScanning dependencies of target _astra_camera_generate_messages_check_deps_DeviceInfo[0m
[  0%] Built target _astra_camera_generate_messages_check_deps_DeviceInfo
[35m[1mScanning dependencies of target roscpp_generate_messages_eus[0m
[  0%] Built target roscpp_generate_messages_eus
[35m[1mScanning dependencies of target dynamic_reconfigure_gencfg[0m
[  0%] Built target dynamic_reconfigure_gencfg
[35m[1mScanning dependencies of target std_msgs_generate_messages_lisp[0m
[  0%] Built target std_msgs_generate_messages_lisp
[35m[1mScanning dependencies of target std_srvs_generate_messages_lisp[0m
[  0%] Built target std_srvs_generate_messages_lisp
[35m[1mScanning dependencies of target std_msgs_generate_messages_nodejs[0m
[35m[1mScanning dependencies of target geometry_msgs_generate_messages_eus[0m
[  0%] Built target std_msgs_generate_messages_nodejs
[  0%] Built target geometry_msgs_generate_messages_eus
[35m[1mScanning dependencies of target dynamic_reconfigure_generate_messages_lisp[0m
[35m[1mScanning dependencies of target tf2_msgs_generate_messages_cpp[0m
[  0%] Built target dynamic_reconfigure_generate_messages_lisp
[  0%] Built target tf2_msgs_generate_messages_cpp
[35m[1mScanning dependencies of target geometry_msgs_generate_messages_lisp[0m
[  0%] Built target geometry_msgs_generate_messages_lisp
[35m[1mScanning dependencies of target roscpp_generate_messages_lisp[0m
[  0%] Built target roscpp_generate_messages_lisp
[35m[1mScanning dependencies of target actionlib_generate_messages_lisp[0m
[  0%] Built target actionlib_generate_messages_lisp
[35m[1mScanning dependencies of target roscpp_generate_messages_cpp[0m
[  0%] Built target roscpp_generate_messages_cpp
[35m[1mScanning dependencies of target astra_camera_gencfg[0m
[  1%] [34m[1mGenerating dynamic reconfigure files from cfg/Astra.cfg: /home/ubuntu/jetarm/devel/.private/astra_camera/include/astra_camera/AstraConfig.h /home/ubuntu/jetarm/devel/.private/astra_camera/lib/python3/dist-packages/astra_camera/cfg/AstraConfig.py[0m
Generating reconfiguration files for Astra in astra_camera
Wrote header file in /home/ubuntu/jetarm/devel/.private/astra_camera/include/astra_camera/AstraConfig.h
[  1%] Built target astra_camera_gencfg
[35m[1mScanning dependencies of target geometry_msgs_generate_messages_py[0m
[  1%] Built target geometry_msgs_generate_messages_py
[35m[1mScanning dependencies of target tf2_msgs_generate_messages_eus[0m
[  1%] Built target tf2_msgs_generate_messages_eus
[35m[1mScanning dependencies of target sensor_msgs_generate_messages_py[0m
[  1%] Built target sensor_msgs_generate_messages_py
[35m[1mScanning dependencies of target sensor_msgs_generate_messages_nodejs[0m
[  1%] Built target sensor_msgs_generate_messages_nodejs
[35m[1mScanning dependencies of target sensor_msgs_generate_messages_eus[0m
[  1%] Built target sensor_msgs_generate_messages_eus
[35m[1mScanning dependencies of target sensor_msgs_generate_messages_lisp[0m
[  1%] Built target sensor_msgs_generate_messages_lisp
[35m[1mScanning dependencies of target std_srvs_generate_messages_cpp[0m
[  1%] Built target std_srvs_generate_messages_cpp
[35m[1mScanning dependencies of target std_srvs_generate_messages_nodejs[0m
[  1%] Built target std_srvs_generate_messages_nodejs
[35m[1mScanning dependencies of target rosgraph_msgs_generate_messages_lisp[0m
[  1%] Built target rosgraph_msgs_generate_messages_lisp
[35m[1mScanning dependencies of target dynamic_reconfigure_generate_messages_py[0m
[  1%] Built target dynamic_reconfigure_generate_messages_py
[35m[1mScanning dependencies of target actionlib_msgs_generate_messages_eus[0m
[  1%] Built target actionlib_msgs_generate_messages_eus
[35m[1mScanning dependencies of target rosgraph_msgs_generate_messages_py[0m
[  1%] Built target rosgraph_msgs_generate_messages_py
[35m[1mScanning dependencies of target std_msgs_generate_messages_py[0m
[  1%] Built target std_msgs_generate_messages_py
[35m[1mScanning dependencies of target dynamic_reconfigure_generate_messages_cpp[0m
[  1%] Built target dynamic_reconfigure_generate_messages_cpp
[35m[1mScanning dependencies of target dynamic_reconfigure_generate_messages_eus[0m
[  1%] Built target dynamic_reconfigure_generate_messages_eus
[35m[1mScanning dependencies of target geometry_msgs_generate_messages_nodejs[0m
[  1%] Built target geometry_msgs_generate_messages_nodejs
[35m[1mScanning dependencies of target geometry_msgs_generate_messages_cpp[0m
[  1%] Built target geometry_msgs_generate_messages_cpp
[35m[1mScanning dependencies of target dynamic_reconfigure_generate_messages_nodejs[0m
[  1%] Built target dynamic_reconfigure_generate_messages_nodejs
[35m[1mScanning dependencies of target tf2_msgs_generate_messages_py[0m
[  1%] Built target tf2_msgs_generate_messages_py
[35m[1mScanning dependencies of target roscpp_generate_messages_nodejs[0m
[35m[1mScanning dependencies of target roscpp_generate_messages_py[0m
[  1%] Built target roscpp_generate_messages_nodejs
[  1%] Built target roscpp_generate_messages_py
[35m[1mScanning dependencies of target std_srvs_generate_messages_py[0m
[35m[1mScanning dependencies of target rosgraph_msgs_generate_messages_eus[0m
[  1%] Built target std_srvs_generate_messages_py
[  1%] Built target rosgraph_msgs_generate_messages_eus
[35m[1mScanning dependencies of target rosgraph_msgs_generate_messages_nodejs[0m
[35m[1mScanning dependencies of target actionlib_msgs_generate_messages_py[0m
[  1%] Built target rosgraph_msgs_generate_messages_nodejs
[35m[1mScanning dependencies of target actionlib_generate_messages_cpp[0m
[  1%] Built target actionlib_msgs_generate_messages_py
[  1%] Built target actionlib_generate_messages_cpp
[35m[1mScanning dependencies of target tf2_msgs_generate_messages_lisp[0m
[35m[1mScanning dependencies of target std_srvs_generate_messages_eus[0m
[  1%] Built target std_srvs_generate_messages_eus
[  1%] Built target tf2_msgs_generate_messages_lisp
[35m[1mScanning dependencies of target tf2_msgs_generate_messages_nodejs[0m
[35m[1mScanning dependencies of target actionlib_msgs_generate_messages_cpp[0m
[  1%] Built target tf2_msgs_generate_messages_nodejs
[  1%] Built target actionlib_msgs_generate_messages_cpp
[35m[1mScanning dependencies of target actionlib_generate_messages_eus[0m
[35m[1mScanning dependencies of target rosgraph_msgs_generate_messages_cpp[0m
[  1%] Built target actionlib_generate_messages_eus
[  1%] Built target rosgraph_msgs_generate_messages_cpp
[35m[1mScanning dependencies of target std_msgs_generate_messages_eus[0m
[35m[1mScanning dependencies of target actionlib_msgs_generate_messages_lisp[0m
[  1%] Built target std_msgs_generate_messages_eus
[  1%] Built target actionlib_msgs_generate_messages_lisp
[35m[1mScanning dependencies of target actionlib_msgs_generate_messages_nodejs[0m
[35m[1mScanning dependencies of target actionlib_generate_messages_py[0m
[  1%] Built target actionlib_msgs_generate_messages_nodejs
[  1%] Built target actionlib_generate_messages_py
[35m[1mScanning dependencies of target astra_camera_generate_messages_eus[0m
[35m[1mScanning dependencies of target astra_camera_generate_messages_py[0m
[  2%] [34m[1mGenerating Python from MSG astra_camera/DeviceInfo[0m
[  3%] [34m[1mGenerating EusLisp code from astra_camera/DeviceInfo.msg[0m
[  6%] [34m[1mGenerating EusLisp code from astra_camera/Extrinsics.msg[0m
[  6%] [34m[1mGenerating Python from MSG astra_camera/Extrinsics[0m
[  7%] [34m[1mGenerating EusLisp code from astra_camera/Metadata.msg[0m
[  8%] [34m[1mGenerating Python from MSG astra_camera/Metadata[0m
[ 10%] [34m[1mGenerating EusLisp code from astra_camera/GetBool.srv[0m
[ 11%] [34m[1mGenerating Python code from SRV astra_camera/GetBool[0m
[35m[1mScanning dependencies of target astra_camera_generate_messages_nodejs[0m
[ 12%] [34m[1mGenerating EusLisp code from astra_camera/GetCameraInfo.srv[0m
[ 13%] [34m[1mGenerating Javascript code from astra_camera/DeviceInfo.msg[0m
[ 15%] [34m[1mGenerating Javascript code from astra_camera/Extrinsics.msg[0m
[35m[1mScanning dependencies of target astra_camera_generate_messages_lisp[0m
[ 16%] [34m[1mGenerating Lisp code from astra_camera/DeviceInfo.msg[0m
[ 17%] [34m[1mGenerating EusLisp code from astra_camera/GetCameraParams.srv[0m
[ 18%] [34m[1mGenerating Javascript code from astra_camera/Metadata.msg[0m
[ 20%] [34m[1mGenerating Python code from SRV astra_camera/GetCameraInfo[0m
[ 21%] [34m[1mGenerating Lisp code from astra_camera/Extrinsics.msg[0m
[ 22%] [34m[1mGenerating Javascript code from astra_camera/GetBool.srv[0m
[ 24%] [34m[1mGenerating Lisp code from astra_camera/Metadata.msg[0m
[ 25%] [34m[1mGenerating EusLisp code from astra_camera/GetDeviceInfo.srv[0m
[ 26%] [34m[1mGenerating Javascript code from astra_camera/GetCameraInfo.srv[0m
[ 27%] [34m[1mGenerating Lisp code from astra_camera/GetBool.srv[0m
[ 29%] [34m[1mGenerating Python code from SRV astra_camera/GetCameraParams[0m
[ 30%] [34m[1mGenerating Javascript code from astra_camera/GetCameraParams.srv[0m
[ 31%] [34m[1mGenerating EusLisp code from astra_camera/GetDouble.srv[0m
[ 32%] [34m[1mGenerating Lisp code from astra_camera/GetCameraInfo.srv[0m
[ 34%] [34m[1mGenerating Javascript code from astra_camera/GetDeviceInfo.srv[0m
[ 35%] [34m[1mGenerating Lisp code from astra_camera/GetCameraParams.srv[0m
[ 36%] [34m[1mGenerating EusLisp code from astra_camera/GetInt32.srv[0m
[ 37%] [34m[1mGenerating Python code from SRV astra_camera/GetDeviceInfo[0m
[ 39%] [34m[1mGenerating Javascript code from astra_camera/GetDouble.srv[0m
[ 40%] [34m[1mGenerating Lisp code from astra_camera/GetDeviceInfo.srv[0m
[ 41%] [34m[1mGenerating Lisp code from astra_camera/GetDouble.srv[0m
[ 43%] [34m[1mGenerating EusLisp code from astra_camera/GetString.srv[0m
[ 44%] [34m[1mGenerating Javascript code from astra_camera/GetInt32.srv[0m
[ 45%] [34m[1mGenerating Python code from SRV astra_camera/GetDouble[0m
[ 48%] [34m[1mGenerating Lisp code from astra_camera/GetInt32.srv[0m
[ 48%] [34m[1mGenerating Javascript code from astra_camera/GetString.srv[0m
[ 49%] [34m[1mGenerating EusLisp code from astra_camera/SetInt32.srv[0m
[ 50%] [34m[1mGenerating Javascript code from astra_camera/SetInt32.srv[0m
[ 51%] [34m[1mGenerating Lisp code from astra_camera/GetString.srv[0m
[ 53%] [34m[1mGenerating Python code from SRV astra_camera/GetInt32[0m
[ 54%] [34m[1mGenerating EusLisp code from astra_camera/SetString.srv[0m
[ 55%] [34m[1mGenerating Javascript code from astra_camera/SetString.srv[0m
[ 56%] [34m[1mGenerating Lisp code from astra_camera/SetInt32.srv[0m
[ 58%] [34m[1mGenerating Lisp code from astra_camera/SetString.srv[0m
[ 58%] Built target astra_camera_generate_messages_nodejs
[ 59%] [34m[1mGenerating EusLisp manifest code for astra_camera[0m
[35m[1mScanning dependencies of target astra_camera_generate_messages_cpp[0m
[ 60%] [34m[1mGenerating C++ code from astra_camera/DeviceInfo.msg[0m
[ 60%] Built target astra_camera_generate_messages_lisp
[ 63%] [34m[1mGenerating Python code from SRV astra_camera/GetString[0m
[ 63%] [34m[1mGenerating C++ code from astra_camera/Extrinsics.msg[0m
[ 64%] [34m[1mGenerating C++ code from astra_camera/Metadata.msg[0m
[ 65%] [34m[1mGenerating C++ code from astra_camera/GetBool.srv[0m
[ 67%] [34m[1mGenerating Python code from SRV astra_camera/SetInt32[0m
[ 68%] [34m[1mGenerating C++ code from astra_camera/GetCameraInfo.srv[0m
[ 69%] [34m[1mGenerating C++ code from astra_camera/GetCameraParams.srv[0m
[ 70%] [34m[1mGenerating Python code from SRV astra_camera/SetString[0m
[ 72%] [34m[1mGenerating C++ code from astra_camera/GetDeviceInfo.srv[0m
[ 73%] [34m[1mGenerating C++ code from astra_camera/GetDouble.srv[0m
[ 73%] Built target astra_camera_generate_messages_eus
[ 74%] [34m[1mGenerating C++ code from astra_camera/GetInt32.srv[0m
[ 75%] [34m[1mGenerating C++ code from astra_camera/GetString.srv[0m
[ 77%] [34m[1mGenerating Python msg __init__.py for astra_camera[0m
[ 78%] [34m[1mGenerating Python srv __init__.py for astra_camera[0m
[ 79%] [34m[1mGenerating C++ code from astra_camera/SetInt32.srv[0m
[ 81%] [34m[1mGenerating C++ code from astra_camera/SetString.srv[0m
[ 81%] Built target astra_camera_generate_messages_py
[ 81%] Built target astra_camera_generate_messages_cpp
[35m[1mScanning dependencies of target astra_camera[0m
[35m[1mScanning dependencies of target astra_camera_generate_messages[0m
[ 81%] Built target astra_camera_generate_messages
[ 82%] [32mBuilding CXX object CMakeFiles/astra_camera.dir/src/point_cloud_proc/point_cloud_xyz.cpp.o[0m
[ 83%] [32mBuilding CXX object CMakeFiles/astra_camera.dir/src/point_cloud_proc/point_cloud_xyzrgb.cpp.o[0m
[ 84%] [32mBuilding CXX object CMakeFiles/astra_camera.dir/src/d2c_viewer.cpp.o[0m
[ 86%] [32mBuilding CXX object CMakeFiles/astra_camera.dir/src/ob_context.cpp.o[0m
[ 87%] [32mBuilding CXX object CMakeFiles/astra_camera.dir/src/ob_camera_info.cpp.o[0m
[ 88%] [32mBuilding CXX object CMakeFiles/astra_camera.dir/src/ob_camera_node_factory.cpp.o[0m
In file included from [01m[K/home/ubuntu/jetarm/src/third_party/ros_astra_camera/include/astra_camera/ob_camera_node.h:15[m[K,
                 from [01m[K/home/ubuntu/jetarm/src/third_party/ros_astra_camera/src/ob_camera_info.cpp:12[m[K:
[01m[K/opt/ros/noetic/include/camera_info_manager/camera_info_manager.h:255:2:[m[K [01;35m[Kwarning: [m[Kextra ‘[01m[K;[m[K’ [[01;35m[K-Wpedantic[m[K]
  255 | }[01;35m[K;[m[K // namespace camera_info_manager
      |  [01;35m[K^[m[K
[ 89%] [32mBuilding CXX object CMakeFiles/astra_camera.dir/src/ob_camera_node.cpp.o[0m
In file included from [01m[K/home/ubuntu/jetarm/src/third_party/ros_astra_camera/include/astra_camera/ob_camera_node.h:15[m[K,
                 from [01m[K/home/ubuntu/jetarm/src/third_party/ros_astra_camera/include/astra_camera/ob_camera_node_factory.h:26[m[K,
                 from [01m[K/home/ubuntu/jetarm/src/third_party/ros_astra_camera/src/ob_camera_node_factory.cpp:13[m[K:
[01m[K/opt/ros/noetic/include/camera_info_manager/camera_info_manager.h:255:2:[m[K [01;35m[Kwarning: [m[Kextra ‘[01m[K;[m[K’ [[01;35m[K-Wpedantic[m[K]
  255 | }[01;35m[K;[m[K // namespace camera_info_manager
      |  [01;35m[K^[m[K
In file included from [01m[K/home/ubuntu/jetarm/src/third_party/ros_astra_camera/include/astra_camera/ob_camera_node.h:15[m[K,
                 from [01m[K/home/ubuntu/jetarm/src/third_party/ros_astra_camera/src/ob_camera_node.cpp:13[m[K:
[01m[K/opt/ros/noetic/include/camera_info_manager/camera_info_manager.h:255:2:[m[K [01;35m[Kwarning: [m[Kextra ‘[01m[K;[m[K’ [[01;35m[K-Wpedantic[m[K]
  255 | }[01;35m[K;[m[K // namespace camera_info_manager
      |  [01;35m[K^[m[K
[ 91%] [32mBuilding CXX object CMakeFiles/astra_camera.dir/src/ros_service.cpp.o[0m
[ 92%] [32mBuilding CXX object CMakeFiles/astra_camera.dir/src/utils.cpp.o[0m
In file included from [01m[K/home/ubuntu/jetarm/src/third_party/ros_astra_camera/include/astra_camera/ob_camera_node.h:15[m[K,
                 from [01m[K/home/ubuntu/jetarm/src/third_party/ros_astra_camera/src/ros_service.cpp:12[m[K:
[01m[K/opt/ros/noetic/include/camera_info_manager/camera_info_manager.h:255:2:[m[K [01;35m[Kwarning: [m[Kextra ‘[01m[K;[m[K’ [[01;35m[K-Wpedantic[m[K]
  255 | }[01;35m[K;[m[K // namespace camera_info_manager
      |  [01;35m[K^[m[K
[ 93%] [32mBuilding CXX object CMakeFiles/astra_camera.dir/src/uvc_camera_driver.cpp.o[0m
In file included from [01m[K/home/ubuntu/jetarm/src/third_party/ros_astra_camera/include/astra_camera/uvc_camera_driver.h:15[m[K,
                 from [01m[K/home/ubuntu/jetarm/src/third_party/ros_astra_camera/src/uvc_camera_driver.cpp:35[m[K:
[01m[K/opt/ros/noetic/include/camera_info_manager/camera_info_manager.h:255:2:[m[K [01;35m[Kwarning: [m[Kextra ‘[01m[K;[m[K’ [[01;35m[K-Wpedantic[m[K]
  255 | }[01;35m[K;[m[K // namespace camera_info_manager
      |  [01;35m[K^[m[K
In file included from [01m[K/home/ubuntu/jetarm/src/third_party/ros_astra_camera/include/astra_camera/ob_camera_node.h:19[m[K,
                 from [01m[K/home/ubuntu/jetarm/src/third_party/ros_astra_camera/src/ob_camera_node.cpp:13[m[K:
[01m[K/home/ubuntu/jetarm/src/third_party/ros_astra_camera/include/openni2/OpenNI.h:[m[K In member function ‘[01m[Kvoid astra_camera::OBCameraNode::reconfigureCallback(const astra_camera::AstraConfig&, uint32_t)[m[K’:
[01m[K/home/ubuntu/jetarm/src/third_party/ros_astra_camera/include/openni2/OpenNI.h:287:62:[m[K [01;35m[Kwarning: [m[K‘[01m[Kvideo_mode[m[K’ may be used uninitialized in this function [[01;35m[K-Wmaybe-uninitialized[m[K]
  287 |  void setPixelFormat(PixelFormat format) { [01;35m[Kthis->pixelFormat = (OniPixelFormat)format[m[K; }
      |                                            [01;35m[K~~~~~~~~~~~~~~~~~~^~~~~~~~~~~~~~~~~~~~~~~~[m[K
[01m[K/home/ubuntu/jetarm/src/third_party/ros_astra_camera/src/ob_camera_node.cpp:884:23:[m[K [01;36m[Knote: [m[K‘[01m[Kvideo_mode[m[K’ was declared here
  884 |     openni::VideoMode [01;36m[Kvideo_mode[m[K;
      |                       [01;36m[K^~~~~~~~~~[m[K
[ 94%] [32m[1mLinking CXX shared library /home/ubuntu/jetarm/devel/.private/astra_camera/lib/libastra_camera.so[0m
[ 94%] Built target astra_camera
[35m[1mScanning dependencies of target astra_camera_node[0m
[35m[1mScanning dependencies of target list_devices_node[0m
[ 96%] [32mBuilding CXX object CMakeFiles/list_devices_node.dir/src/list_devices_node.cpp.o[0m
[ 97%] [32mBuilding CXX object CMakeFiles/astra_camera_node.dir/src/main.cpp.o[0m
[ 98%] [32m[1mLinking CXX executable /home/ubuntu/jetarm/devel/.private/astra_camera/lib/astra_camera/list_devices_node[0m
In file included from [01m[K/home/ubuntu/jetarm/src/third_party/ros_astra_camera/include/astra_camera/ob_camera_node.h:15[m[K,
                 from [01m[K/home/ubuntu/jetarm/src/third_party/ros_astra_camera/include/astra_camera/ob_camera_node_factory.h:26[m[K,
                 from [01m[K/home/ubuntu/jetarm/src/third_party/ros_astra_camera/src/main.cpp:15[m[K:
[01m[K/opt/ros/noetic/include/camera_info_manager/camera_info_manager.h:255:2:[m[K [01;35m[Kwarning: [m[Kextra ‘[01m[K;[m[K’ [[01;35m[K-Wpedantic[m[K]
  255 | }[01;35m[K;[m[K // namespace camera_info_manager
      |  [01;35m[K^[m[K
[ 98%] Built target list_devices_node
[100%] [32m[1mLinking CXX executable /home/ubuntu/jetarm/devel/.private/astra_camera/lib/astra_camera/astra_camera_node[0m
[100%] Built target astra_camera_node
