Symlinking /home/ubuntu/jetarm/devel/include/astra_camera/SetStringResponse.h
Symlinking /home/ubuntu/jetarm/devel/include/astra_camera/GetDouble.h
Symlinking /home/ubuntu/jetarm/devel/include/astra_camera/GetDoubleResponse.h
Symlinking /home/ubuntu/jetarm/devel/include/astra_camera/SetInt32Response.h
Symlinking /home/ubuntu/jetarm/devel/include/astra_camera/GetDeviceInfoResponse.h
Symlinking /home/ubuntu/jetarm/devel/include/astra_camera/Extrinsics.h
Symlinking /home/ubuntu/jetarm/devel/include/astra_camera/GetBoolRequest.h
Symlinking /home/ubuntu/jetarm/devel/include/astra_camera/GetString.h
Symlinking /home/ubuntu/jetarm/devel/include/astra_camera/GetCameraInfoResponse.h
Symlinking /home/ubuntu/jetarm/devel/include/astra_camera/GetCameraInfo.h
Symlinking /home/ubuntu/jetarm/devel/include/astra_camera/GetBoolResponse.h
Symlinking /home/ubuntu/jetarm/devel/include/astra_camera/GetStringResponse.h
Symlinking /home/ubuntu/jetarm/devel/include/astra_camera/GetDeviceInfo.h
Symlinking /home/ubuntu/jetarm/devel/include/astra_camera/SetString.h
Symlinking /home/ubuntu/jetarm/devel/include/astra_camera/GetCameraParams.h
Symlinking /home/ubuntu/jetarm/devel/include/astra_camera/GetDeviceInfoRequest.h
Symlinking /home/ubuntu/jetarm/devel/include/astra_camera/DeviceInfo.h
Symlinking /home/ubuntu/jetarm/devel/include/astra_camera/Metadata.h
Symlinking /home/ubuntu/jetarm/devel/include/astra_camera/GetInt32Request.h
Symlinking /home/ubuntu/jetarm/devel/include/astra_camera/GetStringRequest.h
Symlinking /home/ubuntu/jetarm/devel/include/astra_camera/GetCameraParamsResponse.h
Symlinking /home/ubuntu/jetarm/devel/include/astra_camera/GetInt32Response.h
Symlinking /home/ubuntu/jetarm/devel/include/astra_camera/GetInt32.h
Symlinking /home/ubuntu/jetarm/devel/include/astra_camera/SetInt32.h
Symlinking /home/ubuntu/jetarm/devel/include/astra_camera/GetCameraInfoRequest.h
Symlinking /home/ubuntu/jetarm/devel/include/astra_camera/SetStringRequest.h
Symlinking /home/ubuntu/jetarm/devel/include/astra_camera/SetInt32Request.h
Symlinking /home/ubuntu/jetarm/devel/include/astra_camera/GetCameraParamsRequest.h
Symlinking /home/ubuntu/jetarm/devel/include/astra_camera/GetDoubleRequest.h
Symlinking /home/ubuntu/jetarm/devel/include/astra_camera/GetBool.h
Symlinking /home/ubuntu/jetarm/devel/include/astra_camera/AstraConfig.h
Symlinking /home/ubuntu/jetarm/devel/share/roseus/ros/astra_camera/manifest.l
Symlinking /home/ubuntu/jetarm/devel/share/roseus/ros/astra_camera/msg/DeviceInfo.l
Symlinking /home/ubuntu/jetarm/devel/share/roseus/ros/astra_camera/msg/Extrinsics.l
Symlinking /home/ubuntu/jetarm/devel/share/roseus/ros/astra_camera/msg/Metadata.l
Symlinking /home/ubuntu/jetarm/devel/share/roseus/ros/astra_camera/srv/GetString.l
Symlinking /home/ubuntu/jetarm/devel/share/roseus/ros/astra_camera/srv/GetCameraParams.l
Symlinking /home/ubuntu/jetarm/devel/share/roseus/ros/astra_camera/srv/GetCameraInfo.l
Symlinking /home/ubuntu/jetarm/devel/share/roseus/ros/astra_camera/srv/GetInt32.l
Symlinking /home/ubuntu/jetarm/devel/share/roseus/ros/astra_camera/srv/SetInt32.l
Symlinking /home/ubuntu/jetarm/devel/share/roseus/ros/astra_camera/srv/GetDeviceInfo.l
Symlinking /home/ubuntu/jetarm/devel/share/roseus/ros/astra_camera/srv/GetBool.l
Symlinking /home/ubuntu/jetarm/devel/share/roseus/ros/astra_camera/srv/GetDouble.l
Symlinking /home/ubuntu/jetarm/devel/share/roseus/ros/astra_camera/srv/SetString.l
Symlinking /home/ubuntu/jetarm/devel/share/astra_camera/cmake/astra_cameraConfig.cmake
Symlinking /home/ubuntu/jetarm/devel/share/astra_camera/cmake/astra_camera-msg-paths.cmake
Symlinking /home/ubuntu/jetarm/devel/share/astra_camera/cmake/astra_cameraConfig-version.cmake
Symlinking /home/ubuntu/jetarm/devel/share/astra_camera/cmake/astra_camera-msg-extras.cmake
Symlinking /home/ubuntu/jetarm/devel/share/astra_camera/docs/AstraConfig.wikidoc
Symlinking /home/ubuntu/jetarm/devel/share/astra_camera/docs/AstraConfig-usage.dox
Symlinking /home/ubuntu/jetarm/devel/share/astra_camera/docs/AstraConfig.dox
Symlinking /home/ubuntu/jetarm/devel/share/gennodejs/ros/astra_camera/_index.js
Symlinking /home/ubuntu/jetarm/devel/share/gennodejs/ros/astra_camera/msg/Metadata.js
Symlinking /home/ubuntu/jetarm/devel/share/gennodejs/ros/astra_camera/msg/_index.js
Symlinking /home/ubuntu/jetarm/devel/share/gennodejs/ros/astra_camera/msg/Extrinsics.js
Symlinking /home/ubuntu/jetarm/devel/share/gennodejs/ros/astra_camera/msg/DeviceInfo.js
Symlinking /home/ubuntu/jetarm/devel/share/gennodejs/ros/astra_camera/srv/SetString.js
Symlinking /home/ubuntu/jetarm/devel/share/gennodejs/ros/astra_camera/srv/GetString.js
Symlinking /home/ubuntu/jetarm/devel/share/gennodejs/ros/astra_camera/srv/GetDeviceInfo.js
Symlinking /home/ubuntu/jetarm/devel/share/gennodejs/ros/astra_camera/srv/GetInt32.js
Symlinking /home/ubuntu/jetarm/devel/share/gennodejs/ros/astra_camera/srv/GetCameraInfo.js
Symlinking /home/ubuntu/jetarm/devel/share/gennodejs/ros/astra_camera/srv/GetCameraParams.js
Symlinking /home/ubuntu/jetarm/devel/share/gennodejs/ros/astra_camera/srv/_index.js
Symlinking /home/ubuntu/jetarm/devel/share/gennodejs/ros/astra_camera/srv/GetDouble.js
Symlinking /home/ubuntu/jetarm/devel/share/gennodejs/ros/astra_camera/srv/GetBool.js
Symlinking /home/ubuntu/jetarm/devel/share/gennodejs/ros/astra_camera/srv/SetInt32.js
Symlinking /home/ubuntu/jetarm/devel/share/common-lisp/ros/astra_camera/msg/astra_camera-msg.asd
Symlinking /home/ubuntu/jetarm/devel/share/common-lisp/ros/astra_camera/msg/Extrinsics.lisp
Symlinking /home/ubuntu/jetarm/devel/share/common-lisp/ros/astra_camera/msg/_package_Extrinsics.lisp
Symlinking /home/ubuntu/jetarm/devel/share/common-lisp/ros/astra_camera/msg/DeviceInfo.lisp
Symlinking /home/ubuntu/jetarm/devel/share/common-lisp/ros/astra_camera/msg/_package_DeviceInfo.lisp
Symlinking /home/ubuntu/jetarm/devel/share/common-lisp/ros/astra_camera/msg/_package.lisp
Symlinking /home/ubuntu/jetarm/devel/share/common-lisp/ros/astra_camera/msg/Metadata.lisp
Symlinking /home/ubuntu/jetarm/devel/share/common-lisp/ros/astra_camera/msg/_package_Metadata.lisp
Symlinking /home/ubuntu/jetarm/devel/share/common-lisp/ros/astra_camera/srv/astra_camera-srv.asd
Symlinking /home/ubuntu/jetarm/devel/share/common-lisp/ros/astra_camera/srv/SetString.lisp
Symlinking /home/ubuntu/jetarm/devel/share/common-lisp/ros/astra_camera/srv/_package_SetString.lisp
Symlinking /home/ubuntu/jetarm/devel/share/common-lisp/ros/astra_camera/srv/_package_GetString.lisp
Symlinking /home/ubuntu/jetarm/devel/share/common-lisp/ros/astra_camera/srv/_package_GetCameraInfo.lisp
Symlinking /home/ubuntu/jetarm/devel/share/common-lisp/ros/astra_camera/srv/_package_GetInt32.lisp
Symlinking /home/ubuntu/jetarm/devel/share/common-lisp/ros/astra_camera/srv/GetBool.lisp
Symlinking /home/ubuntu/jetarm/devel/share/common-lisp/ros/astra_camera/srv/GetInt32.lisp
Symlinking /home/ubuntu/jetarm/devel/share/common-lisp/ros/astra_camera/srv/_package.lisp
Symlinking /home/ubuntu/jetarm/devel/share/common-lisp/ros/astra_camera/srv/GetCameraParams.lisp
Symlinking /home/ubuntu/jetarm/devel/share/common-lisp/ros/astra_camera/srv/SetInt32.lisp
Symlinking /home/ubuntu/jetarm/devel/share/common-lisp/ros/astra_camera/srv/_package_GetBool.lisp
Symlinking /home/ubuntu/jetarm/devel/share/common-lisp/ros/astra_camera/srv/GetDeviceInfo.lisp
Symlinking /home/ubuntu/jetarm/devel/share/common-lisp/ros/astra_camera/srv/GetDouble.lisp
Symlinking /home/ubuntu/jetarm/devel/share/common-lisp/ros/astra_camera/srv/GetCameraInfo.lisp
Symlinking /home/ubuntu/jetarm/devel/share/common-lisp/ros/astra_camera/srv/GetString.lisp
Symlinking /home/ubuntu/jetarm/devel/share/common-lisp/ros/astra_camera/srv/_package_SetInt32.lisp
Symlinking /home/ubuntu/jetarm/devel/share/common-lisp/ros/astra_camera/srv/_package_GetDouble.lisp
Symlinking /home/ubuntu/jetarm/devel/share/common-lisp/ros/astra_camera/srv/_package_GetCameraParams.lisp
Symlinking /home/ubuntu/jetarm/devel/share/common-lisp/ros/astra_camera/srv/_package_GetDeviceInfo.lisp
Symlinking /home/ubuntu/jetarm/devel/lib/libastra_camera.so
Symlinking /home/ubuntu/jetarm/devel/lib/astra_camera/astra_camera_node
Symlinking /home/ubuntu/jetarm/devel/lib/astra_camera/list_devices_node
Symlinking /home/ubuntu/jetarm/devel/lib/pkgconfig/astra_camera.pc
Symlinking /home/ubuntu/jetarm/devel/lib/python3/dist-packages/astra_camera/__init__.py
Symlinking /home/ubuntu/jetarm/devel/lib/python3/dist-packages/astra_camera/msg/_Extrinsics.py
Symlinking /home/ubuntu/jetarm/devel/lib/python3/dist-packages/astra_camera/msg/__init__.py
Symlinking /home/ubuntu/jetarm/devel/lib/python3/dist-packages/astra_camera/msg/_DeviceInfo.py
Symlinking /home/ubuntu/jetarm/devel/lib/python3/dist-packages/astra_camera/msg/_Metadata.py
Symlinking /home/ubuntu/jetarm/devel/lib/python3/dist-packages/astra_camera/cfg/__init__.py
Symlinking /home/ubuntu/jetarm/devel/lib/python3/dist-packages/astra_camera/cfg/AstraConfig.py
Symlinking /home/ubuntu/jetarm/devel/lib/python3/dist-packages/astra_camera/srv/_GetString.py
Symlinking /home/ubuntu/jetarm/devel/lib/python3/dist-packages/astra_camera/srv/_GetCameraParams.py
Symlinking /home/ubuntu/jetarm/devel/lib/python3/dist-packages/astra_camera/srv/__init__.py
Symlinking /home/ubuntu/jetarm/devel/lib/python3/dist-packages/astra_camera/srv/_GetBool.py
Symlinking /home/ubuntu/jetarm/devel/lib/python3/dist-packages/astra_camera/srv/_GetCameraInfo.py
Symlinking /home/ubuntu/jetarm/devel/lib/python3/dist-packages/astra_camera/srv/_SetInt32.py
Symlinking /home/ubuntu/jetarm/devel/lib/python3/dist-packages/astra_camera/srv/_GetInt32.py
Symlinking /home/ubuntu/jetarm/devel/lib/python3/dist-packages/astra_camera/srv/_GetDeviceInfo.py
Symlinking /home/ubuntu/jetarm/devel/lib/python3/dist-packages/astra_camera/srv/_GetDouble.py
Symlinking /home/ubuntu/jetarm/devel/lib/python3/dist-packages/astra_camera/srv/_SetString.py
