[35m[1mScanning dependencies of target _hiwonder_interfaces_generate_messages_check_deps_ObjectInfo[0m
[  0%] Built target _hiwonder_interfaces_generate_messages_check_deps_ObjectInfo
[35m[1mScanning dependencies of target _hiwonder_interfaces_generate_messages_check_deps_GetServoState[0m
[  0%] Built target _hiwonder_interfaces_generate_messages_check_deps_GetServoState
[35m[1mScanning dependencies of target _hiwonder_interfaces_generate_messages_check_deps_SetTarget[0m
[  0%] Built target _hiwonder_interfaces_generate_messages_check_deps_SetTarget
[35m[1mScanning dependencies of target _hiwonder_interfaces_generate_messages_check_deps_SetJointValue[0m
[  0%] Built target _hiwonder_interfaces_generate_messages_check_deps_SetJointValue
[35m[1mScanning dependencies of target _hiwonder_interfaces_generate_messages_check_deps_GetJointRange[0m
[  0%] Built target _hiwonder_interfaces_generate_messages_check_deps_GetJointRange
[35m[1mScanning dependencies of target _hiwonder_interfaces_generate_messages_check_deps_SetJointRange[0m
[  0%] Built target _hiwonder_interfaces_generate_messages_check_deps_SetJointRange
[35m[1mScanning dependencies of target _hiwonder_interfaces_generate_messages_check_deps_SetLink[0m
[  0%] Built target _hiwonder_interfaces_generate_messages_check_deps_SetLink
[35m[1mScanning dependencies of target _hiwonder_interfaces_generate_messages_check_deps_GetRobotPose[0m
[  0%] Built target _hiwonder_interfaces_generate_messages_check_deps_GetRobotPose
[35m[1mScanning dependencies of target _hiwonder_interfaces_generate_messages_check_deps_SerialServoTrigger[0m
[  0%] Built target _hiwonder_interfaces_generate_messages_check_deps_SerialServoTrigger
[35m[1mScanning dependencies of target _hiwonder_interfaces_generate_messages_check_deps_MoveGoal[0m
[  0%] Built target _hiwonder_interfaces_generate_messages_check_deps_MoveGoal
[35m[1mScanning dependencies of target _hiwonder_interfaces_generate_messages_check_deps_MoveActionFeedback[0m
[  0%] Built target _hiwonder_interfaces_generate_messages_check_deps_MoveActionFeedback
[35m[1mScanning dependencies of target _hiwonder_interfaces_generate_messages_check_deps_MoveActionResult[0m
[  0%] Built target _hiwonder_interfaces_generate_messages_check_deps_MoveActionResult
[35m[1mScanning dependencies of target _hiwonder_interfaces_generate_messages_check_deps_MoveActionGoal[0m
[35m[1mScanning dependencies of target _hiwonder_interfaces_generate_messages_check_deps_MoveAction[0m
[  0%] Built target _hiwonder_interfaces_generate_messages_check_deps_MoveActionGoal
[35m[1mScanning dependencies of target _hiwonder_interfaces_generate_messages_check_deps_Grasp[0m
[  0%] Built target _hiwonder_interfaces_generate_messages_check_deps_MoveAction
[35m[1mScanning dependencies of target _hiwonder_interfaces_generate_messages_check_deps_EulerAngles[0m
[  0%] Built target _hiwonder_interfaces_generate_messages_check_deps_Grasp
[35m[1mScanning dependencies of target _hiwonder_interfaces_generate_messages_check_deps_RawIdPosDur[0m
[  0%] Built target _hiwonder_interfaces_generate_messages_check_deps_EulerAngles
[  0%] Built target _hiwonder_interfaces_generate_messages_check_deps_RawIdPosDur
[35m[1mScanning dependencies of target _hiwonder_interfaces_generate_messages_check_deps_SetRobotPose[0m
[35m[1mScanning dependencies of target _hiwonder_interfaces_generate_messages_check_deps_SetUint8[0m
[  0%] Built target _hiwonder_interfaces_generate_messages_check_deps_SetRobotPose
[  0%] Built target _hiwonder_interfaces_generate_messages_check_deps_SetUint8
[35m[1mScanning dependencies of target _hiwonder_interfaces_generate_messages_check_deps_PixelPosition[0m
[  0%] Built target _hiwonder_interfaces_generate_messages_check_deps_PixelPosition
[35m[1mScanning dependencies of target _hiwonder_interfaces_generate_messages_check_deps_ImageSize[0m
[  0%] Built target _hiwonder_interfaces_generate_messages_check_deps_ImageSize
[35m[1mScanning dependencies of target _hiwonder_interfaces_generate_messages_check_deps_ObjectPose[0m
[35m[1mScanning dependencies of target _hiwonder_interfaces_generate_messages_check_deps_MoveResult[0m
[  0%] Built target _hiwonder_interfaces_generate_messages_check_deps_ObjectPose
[  0%] Built target _hiwonder_interfaces_generate_messages_check_deps_MoveResult
[35m[1mScanning dependencies of target _hiwonder_interfaces_generate_messages_check_deps_JointRange[0m
[  0%] Built target _hiwonder_interfaces_generate_messages_check_deps_JointRange
[35m[1mScanning dependencies of target _hiwonder_interfaces_generate_messages_check_deps_MoveFeedback[0m
[35m[1mScanning dependencies of target actionlib_msgs_generate_messages_eus[0m
[  0%] Built target _hiwonder_interfaces_generate_messages_check_deps_MoveFeedback
[  0%] Built target actionlib_msgs_generate_messages_eus
[35m[1mScanning dependencies of target geometry_msgs_generate_messages_eus[0m
[  0%] Built target geometry_msgs_generate_messages_eus
[35m[1mScanning dependencies of target _hiwonder_interfaces_generate_messages_check_deps_ObjectsInfo[0m
[  0%] Built target _hiwonder_interfaces_generate_messages_check_deps_ObjectsInfo
[35m[1mScanning dependencies of target _hiwonder_interfaces_generate_messages_check_deps_MultiRawIdPosDur[0m
[35m[1mScanning dependencies of target _hiwonder_interfaces_generate_messages_check_deps_SetInt8[0m
[  0%] Built target _hiwonder_interfaces_generate_messages_check_deps_SetInt8
[  0%] Built target _hiwonder_interfaces_generate_messages_check_deps_MultiRawIdPosDur
[35m[1mScanning dependencies of target _hiwonder_interfaces_generate_messages_check_deps_SetPoseEuler[0m
[35m[1mScanning dependencies of target _hiwonder_interfaces_generate_messages_check_deps_GetLink[0m
[  0%] Built target _hiwonder_interfaces_generate_messages_check_deps_SetPoseEuler
[35m[1mScanning dependencies of target _hiwonder_interfaces_generate_messages_check_deps_Buzzer[0m
[  0%] Built target _hiwonder_interfaces_generate_messages_check_deps_GetLink
[35m[1mScanning dependencies of target _hiwonder_interfaces_generate_messages_check_deps_Led[0m
[  0%] Built target _hiwonder_interfaces_generate_messages_check_deps_Buzzer
[35m[1mScanning dependencies of target _hiwonder_interfaces_generate_messages_check_deps_SerialServoBool[0m
[35m[1mScanning dependencies of target _hiwonder_interfaces_generate_messages_check_deps_SerialServoMove[0m
[  0%] Built target _hiwonder_interfaces_generate_messages_check_deps_Led
[35m[1mScanning dependencies of target _hiwonder_interfaces_generate_messages_check_deps_SetJointsValue[0m
[  0%] Built target _hiwonder_interfaces_generate_messages_check_deps_SerialServoMove
[  0%] Built target _hiwonder_interfaces_generate_messages_check_deps_SerialServoBool
[35m[1mScanning dependencies of target _hiwonder_interfaces_generate_messages_check_deps_SerialServoSelect[0m
[35m[1mScanning dependencies of target _hiwonder_interfaces_generate_messages_check_deps_ServoState[0m
[  0%] Built target _hiwonder_interfaces_generate_messages_check_deps_SetJointsValue
[35m[1mScanning dependencies of target _hiwonder_interfaces_generate_messages_check_deps_Euler[0m
[  0%] Built target _hiwonder_interfaces_generate_messages_check_deps_ServoState
[35m[1mScanning dependencies of target _hiwonder_interfaces_generate_messages_check_deps_GetTarget[0m
[  0%] Built target _hiwonder_interfaces_generate_messages_check_deps_SerialServoSelect
[35m[1mScanning dependencies of target std_msgs_generate_messages_eus[0m
[  0%] Built target std_msgs_generate_messages_eus
[35m[1mScanning dependencies of target _hiwonder_interfaces_generate_messages_check_deps_SetPose[0m
[  0%] Built target _hiwonder_interfaces_generate_messages_check_deps_Euler
[  0%] Built target _hiwonder_interfaces_generate_messages_check_deps_GetTarget
[35m[1mScanning dependencies of target _hiwonder_interfaces_generate_messages_check_deps_ServoStateList[0m
[35m[1mScanning dependencies of target _hiwonder_interfaces_generate_messages_check_deps_GraspState[0m
[  0%] Built target _hiwonder_interfaces_generate_messages_check_deps_SetPose
[35m[1mScanning dependencies of target _hiwonder_interfaces_generate_messages_check_deps_ServoMove[0m
[  0%] Built target _hiwonder_interfaces_generate_messages_check_deps_GraspState
[  0%] Built target _hiwonder_interfaces_generate_messages_check_deps_ServoStateList
[35m[1mScanning dependencies of target _hiwonder_interfaces_generate_messages_check_deps_JointMove[0m
[35m[1mScanning dependencies of target _hiwonder_interfaces_generate_messages_check_deps_JointsRange[0m
[  0%] Built target _hiwonder_interfaces_generate_messages_check_deps_ServoMove
[35m[1mScanning dependencies of target _hiwonder_interfaces_generate_messages_check_deps_Link[0m
[35m[1mScanning dependencies of target _hiwonder_interfaces_generate_messages_check_deps_SetStringBool[0m
[  0%] Built target _hiwonder_interfaces_generate_messages_check_deps_JointMove
[  0%] Built target _hiwonder_interfaces_generate_messages_check_deps_JointsRange
[35m[1mScanning dependencies of target geometry_msgs_generate_messages_nodejs[0m
[  0%] Built target geometry_msgs_generate_messages_nodejs
[  0%] Built target _hiwonder_interfaces_generate_messages_check_deps_Link
[35m[1mScanning dependencies of target actionlib_msgs_generate_messages_nodejs[0m
[35m[1mScanning dependencies of target std_msgs_generate_messages_lisp[0m
[35m[1mScanning dependencies of target std_msgs_generate_messages_nodejs[0m
[  0%] Built target actionlib_msgs_generate_messages_nodejs
[  0%] Built target _hiwonder_interfaces_generate_messages_check_deps_SetStringBool
[  0%] Built target std_msgs_generate_messages_lisp
[35m[1mScanning dependencies of target geometry_msgs_generate_messages_lisp[0m
[  0%] Built target std_msgs_generate_messages_nodejs
[35m[1mScanning dependencies of target actionlib_msgs_generate_messages_lisp[0m
[  0%] Built target actionlib_msgs_generate_messages_lisp
[  0%] Built target geometry_msgs_generate_messages_lisp
[35m[1mScanning dependencies of target actionlib_msgs_generate_messages_cpp[0m
[35m[1mScanning dependencies of target geometry_msgs_generate_messages_cpp[0m
[35m[1mScanning dependencies of target std_msgs_generate_messages_cpp[0m
[  0%] Built target actionlib_msgs_generate_messages_cpp
[35m[1mScanning dependencies of target actionlib_msgs_generate_messages_py[0m
[  0%] Built target geometry_msgs_generate_messages_cpp
[  0%] Built target std_msgs_generate_messages_cpp
[35m[1mScanning dependencies of target std_msgs_generate_messages_py[0m
[35m[1mScanning dependencies of target geometry_msgs_generate_messages_py[0m
[  0%] Built target actionlib_msgs_generate_messages_py
[  0%] Built target std_msgs_generate_messages_py
[35m[1mScanning dependencies of target hiwonder_interfaces_generate_messages_eus[0m
[  0%] Built target geometry_msgs_generate_messages_py
[35m[1mScanning dependencies of target hiwonder_interfaces_generate_messages_nodejs[0m
[35m[1mScanning dependencies of target hiwonder_interfaces_generate_messages_lisp[0m
[  1%] [34m[1mGenerating Javascript code from hiwonder_interfaces/Buzzer.msg[0m
[35m[1mScanning dependencies of target hiwonder_interfaces_generate_messages_cpp[0m
[  1%] [34m[1mGenerating EusLisp code from hiwonder_interfaces/Buzzer.msg[0m
[  2%] [34m[1mGenerating Lisp code from hiwonder_interfaces/Buzzer.msg[0m
[  2%] [34m[1mGenerating C++ code from hiwonder_interfaces/Buzzer.msg[0m
[  2%] [34m[1mGenerating Javascript code from hiwonder_interfaces/Led.msg[0m
[  2%] [34m[1mGenerating Lisp code from hiwonder_interfaces/Led.msg[0m
[  3%] [34m[1mGenerating EusLisp code from hiwonder_interfaces/Led.msg[0m
[  4%] [34m[1mGenerating Lisp code from hiwonder_interfaces/SerialServoBool.msg[0m
[  5%] [34m[1mGenerating Javascript code from hiwonder_interfaces/SerialServoBool.msg[0m
[  6%] [34m[1mGenerating C++ code from hiwonder_interfaces/Led.msg[0m
[  6%] [34m[1mGenerating Lisp code from hiwonder_interfaces/SerialServoMove.msg[0m
[  6%] [34m[1mGenerating Javascript code from hiwonder_interfaces/SerialServoMove.msg[0m
[  6%] [34m[1mGenerating EusLisp code from hiwonder_interfaces/SerialServoBool.msg[0m
[  6%] [34m[1mGenerating C++ code from hiwonder_interfaces/SerialServoBool.msg[0m
[  6%] [34m[1mGenerating Lisp code from hiwonder_interfaces/SerialServoSelect.msg[0m
[  7%] [34m[1mGenerating Javascript code from hiwonder_interfaces/SerialServoSelect.msg[0m
[  7%] [34m[1mGenerating EusLisp code from hiwonder_interfaces/SerialServoMove.msg[0m
[  8%] [34m[1mGenerating Lisp code from hiwonder_interfaces/Euler.msg[0m
[  8%] [34m[1mGenerating Javascript code from hiwonder_interfaces/Euler.msg[0m
[  8%] [34m[1mGenerating Lisp code from hiwonder_interfaces/SetPose.msg[0m
[  8%] [34m[1mGenerating C++ code from hiwonder_interfaces/SerialServoMove.msg[0m
[  9%] [34m[1mGenerating EusLisp code from hiwonder_interfaces/SerialServoSelect.msg[0m
[ 10%] [34m[1mGenerating Lisp code from hiwonder_interfaces/SetPoseEuler.msg[0m
[ 10%] [34m[1mGenerating Javascript code from hiwonder_interfaces/SetPose.msg[0m
[ 10%] [34m[1mGenerating EusLisp code from hiwonder_interfaces/Euler.msg[0m
[ 10%] [34m[1mGenerating Lisp code from hiwonder_interfaces/ServoState.msg[0m
[ 11%] [34m[1mGenerating C++ code from hiwonder_interfaces/SerialServoSelect.msg[0m
[ 12%] [34m[1mGenerating Javascript code from hiwonder_interfaces/SetPoseEuler.msg[0m
[ 12%] [34m[1mGenerating Lisp code from hiwonder_interfaces/ServoStateList.msg[0m
[ 13%] [34m[1mGenerating EusLisp code from hiwonder_interfaces/SetPose.msg[0m
[ 13%] [34m[1mGenerating Javascript code from hiwonder_interfaces/ServoState.msg[0m
[ 13%] [34m[1mGenerating C++ code from hiwonder_interfaces/Euler.msg[0m
[ 14%] [34m[1mGenerating Lisp code from hiwonder_interfaces/ServoMove.msg[0m
[ 15%] [34m[1mGenerating Javascript code from hiwonder_interfaces/ServoStateList.msg[0m
[ 15%] [34m[1mGenerating EusLisp code from hiwonder_interfaces/SetPoseEuler.msg[0m
[ 15%] [34m[1mGenerating Lisp code from hiwonder_interfaces/JointMove.msg[0m
[ 16%] [34m[1mGenerating C++ code from hiwonder_interfaces/SetPose.msg[0m
[ 16%] [34m[1mGenerating Javascript code from hiwonder_interfaces/ServoMove.msg[0m
[ 17%] [34m[1mGenerating Lisp code from hiwonder_interfaces/JointRange.msg[0m
[ 18%] [34m[1mGenerating EusLisp code from hiwonder_interfaces/ServoState.msg[0m
[ 18%] [34m[1mGenerating C++ code from hiwonder_interfaces/SetPoseEuler.msg[0m
[ 18%] [34m[1mGenerating Javascript code from hiwonder_interfaces/JointMove.msg[0m
[ 18%] [34m[1mGenerating Lisp code from hiwonder_interfaces/JointsRange.msg[0m
[ 19%] [34m[1mGenerating Javascript code from hiwonder_interfaces/JointRange.msg[0m
[ 19%] [34m[1mGenerating EusLisp code from hiwonder_interfaces/ServoStateList.msg[0m
[ 19%] [34m[1mGenerating Lisp code from hiwonder_interfaces/Link.msg[0m
[ 19%] [34m[1mGenerating Javascript code from hiwonder_interfaces/JointsRange.msg[0m
[ 19%] [34m[1mGenerating C++ code from hiwonder_interfaces/ServoState.msg[0m
[ 20%] [34m[1mGenerating Lisp code from hiwonder_interfaces/ObjectInfo.msg[0m
[ 21%] [34m[1mGenerating Javascript code from hiwonder_interfaces/Link.msg[0m
[ 21%] [34m[1mGenerating EusLisp code from hiwonder_interfaces/ServoMove.msg[0m
[ 21%] [34m[1mGenerating Javascript code from hiwonder_interfaces/ObjectInfo.msg[0m
[ 21%] [34m[1mGenerating Lisp code from hiwonder_interfaces/ObjectPose.msg[0m
[ 22%] [34m[1mGenerating Lisp code from hiwonder_interfaces/ObjectsInfo.msg[0m
[ 23%] [34m[1mGenerating C++ code from hiwonder_interfaces/ServoStateList.msg[0m
[ 23%] [34m[1mGenerating Javascript code from hiwonder_interfaces/ObjectPose.msg[0m
[ 24%] [34m[1mGenerating EusLisp code from hiwonder_interfaces/JointMove.msg[0m
[ 24%] [34m[1mGenerating Lisp code from hiwonder_interfaces/ImageSize.msg[0m
[ 24%] [34m[1mGenerating EusLisp code from hiwonder_interfaces/JointRange.msg[0m
[ 25%] [34m[1mGenerating Javascript code from hiwonder_interfaces/ObjectsInfo.msg[0m
[ 25%] [34m[1mGenerating C++ code from hiwonder_interfaces/ServoMove.msg[0m
[ 26%] [34m[1mGenerating EusLisp code from hiwonder_interfaces/JointsRange.msg[0m
[ 27%] [34m[1mGenerating Lisp code from hiwonder_interfaces/PixelPosition.msg[0m
[ 27%] [34m[1mGenerating EusLisp code from hiwonder_interfaces/Link.msg[0m
[ 27%] [34m[1mGenerating Javascript code from hiwonder_interfaces/ImageSize.msg[0m
[ 27%] [34m[1mGenerating Lisp code from hiwonder_interfaces/RawIdPosDur.msg[0m
[ 27%] [34m[1mGenerating Lisp code from hiwonder_interfaces/MultiRawIdPosDur.msg[0m
[ 28%] [34m[1mGenerating C++ code from hiwonder_interfaces/JointMove.msg[0m
[ 28%] [34m[1mGenerating EusLisp code from hiwonder_interfaces/ObjectInfo.msg[0m
[ 29%] [34m[1mGenerating Javascript code from hiwonder_interfaces/PixelPosition.msg[0m
[ 29%] [34m[1mGenerating Lisp code from hiwonder_interfaces/Grasp.msg[0m
[ 30%] [34m[1mGenerating Lisp code from hiwonder_interfaces/EulerAngles.msg[0m
[ 30%] [34m[1mGenerating Javascript code from hiwonder_interfaces/RawIdPosDur.msg[0m
[ 30%] [34m[1mGenerating Javascript code from hiwonder_interfaces/MultiRawIdPosDur.msg[0m
[ 30%] [34m[1mGenerating C++ code from hiwonder_interfaces/JointRange.msg[0m
[ 31%] [34m[1mGenerating Lisp code from hiwonder_interfaces/GraspState.msg[0m
[ 32%] [34m[1mGenerating EusLisp code from hiwonder_interfaces/ObjectPose.msg[0m
[ 34%] [34m[1mGenerating Javascript code from hiwonder_interfaces/EulerAngles.msg[0m
[ 34%] [34m[1mGenerating Lisp code from hiwonder_interfaces/MoveAction.msg[0m
[ 34%] [34m[1mGenerating EusLisp code from hiwonder_interfaces/ObjectsInfo.msg[0m
[ 34%] [34m[1mGenerating C++ code from hiwonder_interfaces/JointsRange.msg[0m
[ 34%] [34m[1mGenerating Javascript code from hiwonder_interfaces/Grasp.msg[0m
[ 35%] [34m[1mGenerating EusLisp code from hiwonder_interfaces/ImageSize.msg[0m
[ 35%] [34m[1mGenerating Lisp code from hiwonder_interfaces/MoveActionGoal.msg[0m
[ 35%] [34m[1mGenerating EusLisp code from hiwonder_interfaces/PixelPosition.msg[0m
[ 36%] [34m[1mGenerating Javascript code from hiwonder_interfaces/GraspState.msg[0m
[ 37%] [34m[1mGenerating C++ code from hiwonder_interfaces/Link.msg[0m
[ 37%] [34m[1mGenerating EusLisp code from hiwonder_interfaces/RawIdPosDur.msg[0m
[ 38%] [34m[1mGenerating Lisp code from hiwonder_interfaces/MoveActionResult.msg[0m
[ 39%] [34m[1mGenerating EusLisp code from hiwonder_interfaces/MultiRawIdPosDur.msg[0m
[ 39%] [34m[1mGenerating Javascript code from hiwonder_interfaces/MoveAction.msg[0m
[ 39%] [34m[1mGenerating Lisp code from hiwonder_interfaces/MoveActionFeedback.msg[0m
[ 39%] [34m[1mGenerating EusLisp code from hiwonder_interfaces/EulerAngles.msg[0m
[ 39%] [34m[1mGenerating C++ code from hiwonder_interfaces/ObjectInfo.msg[0m
[ 40%] [34m[1mGenerating Javascript code from hiwonder_interfaces/MoveActionGoal.msg[0m
[ 40%] [34m[1mGenerating C++ code from hiwonder_interfaces/ObjectPose.msg[0m
[ 41%] [34m[1mGenerating Lisp code from hiwonder_interfaces/MoveGoal.msg[0m
[ 42%] [34m[1mGenerating EusLisp code from hiwonder_interfaces/Grasp.msg[0m
[ 43%] [34m[1mGenerating Javascript code from hiwonder_interfaces/MoveActionResult.msg[0m
[ 43%] [34m[1mGenerating C++ code from hiwonder_interfaces/ObjectsInfo.msg[0m
[ 43%] [34m[1mGenerating Lisp code from hiwonder_interfaces/MoveResult.msg[0m
[ 43%] [34m[1mGenerating EusLisp code from hiwonder_interfaces/GraspState.msg[0m
[ 43%] [34m[1mGenerating C++ code from hiwonder_interfaces/ImageSize.msg[0m
[ 43%] [34m[1mGenerating Javascript code from hiwonder_interfaces/MoveActionFeedback.msg[0m
[ 43%] [34m[1mGenerating Lisp code from hiwonder_interfaces/MoveFeedback.msg[0m
[ 44%] [34m[1mGenerating Javascript code from hiwonder_interfaces/MoveGoal.msg[0m
[ 45%] [34m[1mGenerating Lisp code from hiwonder_interfaces/SerialServoTrigger.srv[0m
[ 45%] [34m[1mGenerating EusLisp code from hiwonder_interfaces/MoveAction.msg[0m
[ 46%] [34m[1mGenerating C++ code from hiwonder_interfaces/PixelPosition.msg[0m
[ 46%] [34m[1mGenerating Lisp code from hiwonder_interfaces/SetInt8.srv[0m
[ 46%] [34m[1mGenerating Javascript code from hiwonder_interfaces/MoveResult.msg[0m
[ 47%] [34m[1mGenerating Lisp code from hiwonder_interfaces/SetUint8.srv[0m
[ 48%] [34m[1mGenerating EusLisp code from hiwonder_interfaces/MoveActionGoal.msg[0m
[ 48%] [34m[1mGenerating C++ code from hiwonder_interfaces/RawIdPosDur.msg[0m
[ 48%] [34m[1mGenerating Javascript code from hiwonder_interfaces/MoveFeedback.msg[0m
[ 49%] [34m[1mGenerating Javascript code from hiwonder_interfaces/SerialServoTrigger.srv[0m
[ 49%] [34m[1mGenerating Lisp code from hiwonder_interfaces/SetStringBool.srv[0m
[ 49%] [34m[1mGenerating Lisp code from hiwonder_interfaces/SetRobotPose.srv[0m
[ 49%] [34m[1mGenerating Javascript code from hiwonder_interfaces/SetInt8.srv[0m
[ 49%] [34m[1mGenerating EusLisp code from hiwonder_interfaces/MoveActionResult.msg[0m
[ 49%] [34m[1mGenerating C++ code from hiwonder_interfaces/EulerAngles.msg[0m
[ 50%] [34m[1mGenerating C++ code from hiwonder_interfaces/MultiRawIdPosDur.msg[0m
[ 51%] [34m[1mGenerating Lisp code from hiwonder_interfaces/GetRobotPose.srv[0m
[ 52%] [34m[1mGenerating Javascript code from hiwonder_interfaces/SetUint8.srv[0m
[ 52%] [34m[1mGenerating Lisp code from hiwonder_interfaces/SetJointsValue.srv[0m
[ 53%] [34m[1mGenerating EusLisp code from hiwonder_interfaces/MoveActionFeedback.msg[0m
[ 54%] [34m[1mGenerating C++ code from hiwonder_interfaces/Grasp.msg[0m
[ 54%] [34m[1mGenerating Javascript code from hiwonder_interfaces/SetStringBool.srv[0m
[ 54%] [34m[1mGenerating C++ code from hiwonder_interfaces/GraspState.msg[0m
[ 55%] [34m[1mGenerating Lisp code from hiwonder_interfaces/SetLink.srv[0m
[ 56%] [34m[1mGenerating Javascript code from hiwonder_interfaces/SetRobotPose.srv[0m
[ 56%] [34m[1mGenerating EusLisp code from hiwonder_interfaces/MoveGoal.msg[0m
[ 56%] [34m[1mGenerating Lisp code from hiwonder_interfaces/GetLink.srv[0m
[ 56%] [34m[1mGenerating C++ code from hiwonder_interfaces/MoveAction.msg[0m
[ 56%] [34m[1mGenerating Lisp code from hiwonder_interfaces/SetJointRange.srv[0m
[ 56%] [34m[1mGenerating Javascript code from hiwonder_interfaces/GetRobotPose.srv[0m
[ 56%] [34m[1mGenerating EusLisp code from hiwonder_interfaces/MoveResult.msg[0m
[ 56%] [34m[1mGenerating Javascript code from hiwonder_interfaces/SetJointsValue.srv[0m
[ 57%] [34m[1mGenerating Javascript code from hiwonder_interfaces/SetLink.srv[0m
[ 58%] [34m[1mGenerating Lisp code from hiwonder_interfaces/GetJointRange.srv[0m
[ 60%] [34m[1mGenerating C++ code from hiwonder_interfaces/MoveActionGoal.msg[0m
[ 60%] [34m[1mGenerating EusLisp code from hiwonder_interfaces/MoveFeedback.msg[0m
[ 60%] [34m[1mGenerating Javascript code from hiwonder_interfaces/GetLink.srv[0m
[ 61%] [34m[1mGenerating Javascript code from hiwonder_interfaces/SetJointRange.srv[0m
[ 61%] [34m[1mGenerating Lisp code from hiwonder_interfaces/SetJointValue.srv[0m
[ 61%] [34m[1mGenerating EusLisp code from hiwonder_interfaces/SerialServoTrigger.srv[0m
[ 62%] [34m[1mGenerating EusLisp code from hiwonder_interfaces/SetInt8.srv[0m
[ 62%] [34m[1mGenerating C++ code from hiwonder_interfaces/MoveActionResult.msg[0m
[ 63%] [34m[1mGenerating Lisp code from hiwonder_interfaces/SetTarget.srv[0m
[ 63%] [34m[1mGenerating Javascript code from hiwonder_interfaces/GetJointRange.srv[0m
[ 63%] [34m[1mGenerating Lisp code from hiwonder_interfaces/GetTarget.srv[0m
[ 63%] [34m[1mGenerating Javascript code from hiwonder_interfaces/SetJointValue.srv[0m
[ 64%] [34m[1mGenerating Javascript code from hiwonder_interfaces/SetTarget.srv[0m
[ 64%] [34m[1mGenerating EusLisp code from hiwonder_interfaces/SetUint8.srv[0m
[ 65%] [34m[1mGenerating C++ code from hiwonder_interfaces/MoveActionFeedback.msg[0m
[ 65%] [34m[1mGenerating Lisp code from hiwonder_interfaces/GetServoState.srv[0m
[ 65%] [34m[1mGenerating Javascript code from hiwonder_interfaces/GetTarget.srv[0m
[35m[1mScanning dependencies of target hiwonder_interfaces_generate_messages_py[0m
[ 65%] [34m[1mGenerating Python from MSG hiwonder_interfaces/Buzzer[0m
[ 65%] Built target hiwonder_interfaces_generate_messages_lisp
[ 67%] [34m[1mGenerating Javascript code from hiwonder_interfaces/GetServoState.srv[0m
[ 67%] [34m[1mGenerating C++ code from hiwonder_interfaces/MoveGoal.msg[0m
[ 67%] [34m[1mGenerating Python from MSG hiwonder_interfaces/Led[0m
[ 67%] [34m[1mGenerating EusLisp code from hiwonder_interfaces/SetStringBool.srv[0m
[ 67%] Built target hiwonder_interfaces_generate_messages_nodejs
[ 68%] [34m[1mGenerating EusLisp code from hiwonder_interfaces/SetRobotPose.srv[0m
[ 69%] [34m[1mGenerating Python from MSG hiwonder_interfaces/SerialServoBool[0m
[ 69%] [34m[1mGenerating Python from MSG hiwonder_interfaces/SerialServoMove[0m
[ 69%] [34m[1mGenerating C++ code from hiwonder_interfaces/MoveResult.msg[0m
[ 69%] [34m[1mGenerating EusLisp code from hiwonder_interfaces/GetRobotPose.srv[0m
[ 70%] [34m[1mGenerating Python from MSG hiwonder_interfaces/SerialServoSelect[0m
[ 71%] [34m[1mGenerating C++ code from hiwonder_interfaces/MoveFeedback.msg[0m
[ 72%] [34m[1mGenerating EusLisp code from hiwonder_interfaces/SetJointsValue.srv[0m
[ 72%] [34m[1mGenerating EusLisp code from hiwonder_interfaces/SetLink.srv[0m
[ 72%] [34m[1mGenerating Python from MSG hiwonder_interfaces/Euler[0m
[ 73%] [34m[1mGenerating EusLisp code from hiwonder_interfaces/GetLink.srv[0m
[ 73%] [34m[1mGenerating C++ code from hiwonder_interfaces/SerialServoTrigger.srv[0m
[ 74%] [34m[1mGenerating C++ code from hiwonder_interfaces/SetInt8.srv[0m
[ 74%] [34m[1mGenerating Python from MSG hiwonder_interfaces/SetPose[0m
[ 75%] [34m[1mGenerating Python from MSG hiwonder_interfaces/SetPoseEuler[0m
[ 75%] [34m[1mGenerating EusLisp code from hiwonder_interfaces/SetJointRange.srv[0m
[ 75%] [34m[1mGenerating EusLisp code from hiwonder_interfaces/GetJointRange.srv[0m
[ 75%] [34m[1mGenerating C++ code from hiwonder_interfaces/SetUint8.srv[0m
[ 75%] [34m[1mGenerating Python from MSG hiwonder_interfaces/ServoState[0m
[ 76%] [34m[1mGenerating Python from MSG hiwonder_interfaces/ServoStateList[0m
[ 77%] [34m[1mGenerating EusLisp code from hiwonder_interfaces/SetJointValue.srv[0m
[ 77%] [34m[1mGenerating Python from MSG hiwonder_interfaces/ServoMove[0m
[ 77%] [34m[1mGenerating Python from MSG hiwonder_interfaces/JointMove[0m
[ 77%] [34m[1mGenerating C++ code from hiwonder_interfaces/SetStringBool.srv[0m
[ 77%] [34m[1mGenerating EusLisp code from hiwonder_interfaces/SetTarget.srv[0m
[ 78%] [34m[1mGenerating Python from MSG hiwonder_interfaces/JointRange[0m
[ 78%] [34m[1mGenerating Python from MSG hiwonder_interfaces/JointsRange[0m
[ 79%] [34m[1mGenerating EusLisp code from hiwonder_interfaces/GetTarget.srv[0m
[ 80%] [34m[1mGenerating C++ code from hiwonder_interfaces/SetRobotPose.srv[0m
[ 80%] [34m[1mGenerating C++ code from hiwonder_interfaces/GetRobotPose.srv[0m
[ 81%] [34m[1mGenerating C++ code from hiwonder_interfaces/SetJointsValue.srv[0m
[ 81%] [34m[1mGenerating EusLisp code from hiwonder_interfaces/GetServoState.srv[0m
[ 82%] [34m[1mGenerating Python from MSG hiwonder_interfaces/Link[0m
[ 82%] [34m[1mGenerating EusLisp manifest code for hiwonder_interfaces[0m
[ 82%] [34m[1mGenerating Python from MSG hiwonder_interfaces/ObjectInfo[0m
[ 82%] [34m[1mGenerating C++ code from hiwonder_interfaces/SetLink.srv[0m
[ 82%] [34m[1mGenerating C++ code from hiwonder_interfaces/GetLink.srv[0m
[ 82%] [34m[1mGenerating Python from MSG hiwonder_interfaces/ObjectPose[0m
[ 83%] [34m[1mGenerating C++ code from hiwonder_interfaces/SetJointRange.srv[0m
[ 84%] [34m[1mGenerating Python from MSG hiwonder_interfaces/ObjectsInfo[0m
[ 84%] [34m[1mGenerating C++ code from hiwonder_interfaces/GetJointRange.srv[0m
[ 84%] [34m[1mGenerating Python from MSG hiwonder_interfaces/ImageSize[0m
[ 85%] [34m[1mGenerating C++ code from hiwonder_interfaces/SetJointValue.srv[0m
[ 85%] [34m[1mGenerating C++ code from hiwonder_interfaces/SetTarget.srv[0m
[ 86%] [34m[1mGenerating Python from MSG hiwonder_interfaces/PixelPosition[0m
[ 86%] [34m[1mGenerating Python from MSG hiwonder_interfaces/RawIdPosDur[0m
[ 86%] [34m[1mGenerating C++ code from hiwonder_interfaces/GetTarget.srv[0m
[ 86%] Built target hiwonder_interfaces_generate_messages_eus
[ 87%] [34m[1mGenerating C++ code from hiwonder_interfaces/GetServoState.srv[0m
[ 88%] [34m[1mGenerating Python from MSG hiwonder_interfaces/MultiRawIdPosDur[0m
[ 88%] [34m[1mGenerating Python from MSG hiwonder_interfaces/EulerAngles[0m
[ 88%] [34m[1mGenerating Python from MSG hiwonder_interfaces/Grasp[0m
[ 89%] [34m[1mGenerating Python from MSG hiwonder_interfaces/GraspState[0m
[ 89%] Built target hiwonder_interfaces_generate_messages_cpp
[ 89%] [34m[1mGenerating Python from MSG hiwonder_interfaces/MoveAction[0m
[ 90%] [34m[1mGenerating Python from MSG hiwonder_interfaces/MoveActionGoal[0m
[ 90%] [34m[1mGenerating Python from MSG hiwonder_interfaces/MoveActionResult[0m
[ 90%] [34m[1mGenerating Python from MSG hiwonder_interfaces/MoveActionFeedback[0m
[ 91%] [34m[1mGenerating Python from MSG hiwonder_interfaces/MoveGoal[0m
[ 91%] [34m[1mGenerating Python from MSG hiwonder_interfaces/MoveResult[0m
[ 92%] [34m[1mGenerating Python from MSG hiwonder_interfaces/MoveFeedback[0m
[ 92%] [34m[1mGenerating Python code from SRV hiwonder_interfaces/SerialServoTrigger[0m
[ 92%] [34m[1mGenerating Python code from SRV hiwonder_interfaces/SetInt8[0m
[ 93%] [34m[1mGenerating Python code from SRV hiwonder_interfaces/SetUint8[0m
[ 93%] [34m[1mGenerating Python code from SRV hiwonder_interfaces/SetStringBool[0m
[ 94%] [34m[1mGenerating Python code from SRV hiwonder_interfaces/SetRobotPose[0m
[ 94%] [34m[1mGenerating Python code from SRV hiwonder_interfaces/GetRobotPose[0m
[ 94%] [34m[1mGenerating Python code from SRV hiwonder_interfaces/SetJointsValue[0m
[ 95%] [34m[1mGenerating Python code from SRV hiwonder_interfaces/SetLink[0m
[ 95%] [34m[1mGenerating Python code from SRV hiwonder_interfaces/GetLink[0m
[ 96%] [34m[1mGenerating Python code from SRV hiwonder_interfaces/SetJointRange[0m
[ 96%] [34m[1mGenerating Python code from SRV hiwonder_interfaces/GetJointRange[0m
[ 96%] [34m[1mGenerating Python code from SRV hiwonder_interfaces/SetJointValue[0m
[ 97%] [34m[1mGenerating Python code from SRV hiwonder_interfaces/SetTarget[0m
[ 97%] [34m[1mGenerating Python code from SRV hiwonder_interfaces/GetTarget[0m
[ 98%] [34m[1mGenerating Python code from SRV hiwonder_interfaces/GetServoState[0m
[ 98%] [34m[1mGenerating Python msg __init__.py for hiwonder_interfaces[0m
[100%] [34m[1mGenerating Python srv __init__.py for hiwonder_interfaces[0m
[100%] Built target hiwonder_interfaces_generate_messages_py
[35m[1mScanning dependencies of target hiwonder_interfaces_generate_messages[0m
[100%] Built target hiwonder_interfaces_generate_messages
