Symlinking /home/ubuntu/jetarm/devel/include/hiwonder_interfaces/GetJointRangeResponse.h
Symlinking /home/ubuntu/jetarm/devel/include/hiwonder_interfaces/SetLinkResponse.h
Symlinking /home/ubuntu/jetarm/devel/include/hiwonder_interfaces/SerialServoTriggerRequest.h
Symlinking /home/ubuntu/jetarm/devel/include/hiwonder_interfaces/MoveFeedback.h
Symlinking /home/ubuntu/jetarm/devel/include/hiwonder_interfaces/ImageSize.h
Symlinking /home/ubuntu/jetarm/devel/include/hiwonder_interfaces/SetJointsValueRequest.h
Symlinking /home/ubuntu/jetarm/devel/include/hiwonder_interfaces/MoveActionGoal.h
Symlinking /home/ubuntu/jetarm/devel/include/hiwonder_interfaces/MoveActionResult.h
Symlinking /home/ubuntu/jetarm/devel/include/hiwonder_interfaces/SetTarget.h
Symlinking /home/ubuntu/jetarm/devel/include/hiwonder_interfaces/SetJointRangeResponse.h
Symlinking /home/ubuntu/jetarm/devel/include/hiwonder_interfaces/GetJointRangeRequest.h
Symlinking /home/ubuntu/jetarm/devel/include/hiwonder_interfaces/GetTarget.h
Symlinking /home/ubuntu/jetarm/devel/include/hiwonder_interfaces/MoveGoal.h
Symlinking /home/ubuntu/jetarm/devel/include/hiwonder_interfaces/GetServoStateRequest.h
Symlinking /home/ubuntu/jetarm/devel/include/hiwonder_interfaces/PixelPosition.h
Symlinking /home/ubuntu/jetarm/devel/include/hiwonder_interfaces/SerialServoMove.h
Symlinking /home/ubuntu/jetarm/devel/include/hiwonder_interfaces/SerialServoTriggerResponse.h
Symlinking /home/ubuntu/jetarm/devel/include/hiwonder_interfaces/SetStringBool.h
Symlinking /home/ubuntu/jetarm/devel/include/hiwonder_interfaces/SetJointsValueResponse.h
Symlinking /home/ubuntu/jetarm/devel/include/hiwonder_interfaces/SetRobotPoseResponse.h
Symlinking /home/ubuntu/jetarm/devel/include/hiwonder_interfaces/SetUint8Request.h
Symlinking /home/ubuntu/jetarm/devel/include/hiwonder_interfaces/GetServoState.h
Symlinking /home/ubuntu/jetarm/devel/include/hiwonder_interfaces/SerialServoBool.h
Symlinking /home/ubuntu/jetarm/devel/include/hiwonder_interfaces/SetJointValueRequest.h
Symlinking /home/ubuntu/jetarm/devel/include/hiwonder_interfaces/SetJointValueResponse.h
Symlinking /home/ubuntu/jetarm/devel/include/hiwonder_interfaces/Led.h
Symlinking /home/ubuntu/jetarm/devel/include/hiwonder_interfaces/GetJointRange.h
Symlinking /home/ubuntu/jetarm/devel/include/hiwonder_interfaces/Buzzer.h
Symlinking /home/ubuntu/jetarm/devel/include/hiwonder_interfaces/SetPose.h
Symlinking /home/ubuntu/jetarm/devel/include/hiwonder_interfaces/GetLinkRequest.h
Symlinking /home/ubuntu/jetarm/devel/include/hiwonder_interfaces/Link.h
Symlinking /home/ubuntu/jetarm/devel/include/hiwonder_interfaces/JointMove.h
Symlinking /home/ubuntu/jetarm/devel/include/hiwonder_interfaces/GetRobotPose.h
Symlinking /home/ubuntu/jetarm/devel/include/hiwonder_interfaces/Grasp.h
Symlinking /home/ubuntu/jetarm/devel/include/hiwonder_interfaces/GetServoStateResponse.h
Symlinking /home/ubuntu/jetarm/devel/include/hiwonder_interfaces/JointRange.h
Symlinking /home/ubuntu/jetarm/devel/include/hiwonder_interfaces/SetTargetResponse.h
Symlinking /home/ubuntu/jetarm/devel/include/hiwonder_interfaces/SetUint8.h
Symlinking /home/ubuntu/jetarm/devel/include/hiwonder_interfaces/JointsRange.h
Symlinking /home/ubuntu/jetarm/devel/include/hiwonder_interfaces/GetTargetRequest.h
Symlinking /home/ubuntu/jetarm/devel/include/hiwonder_interfaces/SerialServoSelect.h
Symlinking /home/ubuntu/jetarm/devel/include/hiwonder_interfaces/Euler.h
Symlinking /home/ubuntu/jetarm/devel/include/hiwonder_interfaces/GetLinkResponse.h
Symlinking /home/ubuntu/jetarm/devel/include/hiwonder_interfaces/GetTargetResponse.h
Symlinking /home/ubuntu/jetarm/devel/include/hiwonder_interfaces/SetStringBoolResponse.h
Symlinking /home/ubuntu/jetarm/devel/include/hiwonder_interfaces/GetRobotPoseRequest.h
Symlinking /home/ubuntu/jetarm/devel/include/hiwonder_interfaces/MoveActionFeedback.h
Symlinking /home/ubuntu/jetarm/devel/include/hiwonder_interfaces/SerialServoTrigger.h
Symlinking /home/ubuntu/jetarm/devel/include/hiwonder_interfaces/ServoMove.h
Symlinking /home/ubuntu/jetarm/devel/include/hiwonder_interfaces/SetTargetRequest.h
Symlinking /home/ubuntu/jetarm/devel/include/hiwonder_interfaces/SetStringBoolRequest.h
Symlinking /home/ubuntu/jetarm/devel/include/hiwonder_interfaces/GetLink.h
Symlinking /home/ubuntu/jetarm/devel/include/hiwonder_interfaces/SetLink.h
Symlinking /home/ubuntu/jetarm/devel/include/hiwonder_interfaces/SetJointRangeRequest.h
Symlinking /home/ubuntu/jetarm/devel/include/hiwonder_interfaces/SetJointsValue.h
Symlinking /home/ubuntu/jetarm/devel/include/hiwonder_interfaces/ObjectInfo.h
Symlinking /home/ubuntu/jetarm/devel/include/hiwonder_interfaces/SetInt8Request.h
Symlinking /home/ubuntu/jetarm/devel/include/hiwonder_interfaces/MoveResult.h
Symlinking /home/ubuntu/jetarm/devel/include/hiwonder_interfaces/ObjectsInfo.h
Symlinking /home/ubuntu/jetarm/devel/include/hiwonder_interfaces/GetRobotPoseResponse.h
Symlinking /home/ubuntu/jetarm/devel/include/hiwonder_interfaces/SetInt8.h
Symlinking /home/ubuntu/jetarm/devel/include/hiwonder_interfaces/SetJointValue.h
Symlinking /home/ubuntu/jetarm/devel/include/hiwonder_interfaces/MultiRawIdPosDur.h
Symlinking /home/ubuntu/jetarm/devel/include/hiwonder_interfaces/SetPoseEuler.h
Symlinking /home/ubuntu/jetarm/devel/include/hiwonder_interfaces/EulerAngles.h
Symlinking /home/ubuntu/jetarm/devel/include/hiwonder_interfaces/SetLinkRequest.h
Symlinking /home/ubuntu/jetarm/devel/include/hiwonder_interfaces/GraspState.h
Symlinking /home/ubuntu/jetarm/devel/include/hiwonder_interfaces/RawIdPosDur.h
Symlinking /home/ubuntu/jetarm/devel/include/hiwonder_interfaces/ServoStateList.h
Symlinking /home/ubuntu/jetarm/devel/include/hiwonder_interfaces/SetJointRange.h
Symlinking /home/ubuntu/jetarm/devel/include/hiwonder_interfaces/SetInt8Response.h
Symlinking /home/ubuntu/jetarm/devel/include/hiwonder_interfaces/SetRobotPoseRequest.h
Symlinking /home/ubuntu/jetarm/devel/include/hiwonder_interfaces/SetUint8Response.h
Symlinking /home/ubuntu/jetarm/devel/include/hiwonder_interfaces/ServoState.h
Symlinking /home/ubuntu/jetarm/devel/include/hiwonder_interfaces/ObjectPose.h
Symlinking /home/ubuntu/jetarm/devel/include/hiwonder_interfaces/SetRobotPose.h
Symlinking /home/ubuntu/jetarm/devel/include/hiwonder_interfaces/MoveAction.h
Symlinking /home/ubuntu/jetarm/devel/share/roseus/ros/hiwonder_interfaces/manifest.l
Symlinking /home/ubuntu/jetarm/devel/share/roseus/ros/hiwonder_interfaces/msg/Link.l
Symlinking /home/ubuntu/jetarm/devel/share/roseus/ros/hiwonder_interfaces/msg/MoveActionGoal.l
Symlinking /home/ubuntu/jetarm/devel/share/roseus/ros/hiwonder_interfaces/msg/Buzzer.l
Symlinking /home/ubuntu/jetarm/devel/share/roseus/ros/hiwonder_interfaces/msg/SetPoseEuler.l
Symlinking /home/ubuntu/jetarm/devel/share/roseus/ros/hiwonder_interfaces/msg/ServoMove.l
Symlinking /home/ubuntu/jetarm/devel/share/roseus/ros/hiwonder_interfaces/msg/ObjectPose.l
Symlinking /home/ubuntu/jetarm/devel/share/roseus/ros/hiwonder_interfaces/msg/GraspState.l
Symlinking /home/ubuntu/jetarm/devel/share/roseus/ros/hiwonder_interfaces/msg/MoveActionFeedback.l
Symlinking /home/ubuntu/jetarm/devel/share/roseus/ros/hiwonder_interfaces/msg/ObjectInfo.l
Symlinking /home/ubuntu/jetarm/devel/share/roseus/ros/hiwonder_interfaces/msg/ServoState.l
Symlinking /home/ubuntu/jetarm/devel/share/roseus/ros/hiwonder_interfaces/msg/MoveResult.l
Symlinking /home/ubuntu/jetarm/devel/share/roseus/ros/hiwonder_interfaces/msg/ServoStateList.l
Symlinking /home/ubuntu/jetarm/devel/share/roseus/ros/hiwonder_interfaces/msg/EulerAngles.l
Symlinking /home/ubuntu/jetarm/devel/share/roseus/ros/hiwonder_interfaces/msg/MoveGoal.l
Symlinking /home/ubuntu/jetarm/devel/share/roseus/ros/hiwonder_interfaces/msg/JointsRange.l
Symlinking /home/ubuntu/jetarm/devel/share/roseus/ros/hiwonder_interfaces/msg/MoveAction.l
Symlinking /home/ubuntu/jetarm/devel/share/roseus/ros/hiwonder_interfaces/msg/SerialServoMove.l
Symlinking /home/ubuntu/jetarm/devel/share/roseus/ros/hiwonder_interfaces/msg/JointRange.l
Symlinking /home/ubuntu/jetarm/devel/share/roseus/ros/hiwonder_interfaces/msg/SerialServoSelect.l
Symlinking /home/ubuntu/jetarm/devel/share/roseus/ros/hiwonder_interfaces/msg/ImageSize.l
Symlinking /home/ubuntu/jetarm/devel/share/roseus/ros/hiwonder_interfaces/msg/RawIdPosDur.l
Symlinking /home/ubuntu/jetarm/devel/share/roseus/ros/hiwonder_interfaces/msg/MultiRawIdPosDur.l
Symlinking /home/ubuntu/jetarm/devel/share/roseus/ros/hiwonder_interfaces/msg/ObjectsInfo.l
Symlinking /home/ubuntu/jetarm/devel/share/roseus/ros/hiwonder_interfaces/msg/Grasp.l
Symlinking /home/ubuntu/jetarm/devel/share/roseus/ros/hiwonder_interfaces/msg/PixelPosition.l
Symlinking /home/ubuntu/jetarm/devel/share/roseus/ros/hiwonder_interfaces/msg/JointMove.l
Symlinking /home/ubuntu/jetarm/devel/share/roseus/ros/hiwonder_interfaces/msg/Euler.l
Symlinking /home/ubuntu/jetarm/devel/share/roseus/ros/hiwonder_interfaces/msg/MoveFeedback.l
Symlinking /home/ubuntu/jetarm/devel/share/roseus/ros/hiwonder_interfaces/msg/MoveActionResult.l
Symlinking /home/ubuntu/jetarm/devel/share/roseus/ros/hiwonder_interfaces/msg/SetPose.l
Symlinking /home/ubuntu/jetarm/devel/share/roseus/ros/hiwonder_interfaces/msg/Led.l
Symlinking /home/ubuntu/jetarm/devel/share/roseus/ros/hiwonder_interfaces/msg/SerialServoBool.l
Symlinking /home/ubuntu/jetarm/devel/share/roseus/ros/hiwonder_interfaces/srv/SerialServoTrigger.l
Symlinking /home/ubuntu/jetarm/devel/share/roseus/ros/hiwonder_interfaces/srv/SetJointsValue.l
Symlinking /home/ubuntu/jetarm/devel/share/roseus/ros/hiwonder_interfaces/srv/SetRobotPose.l
Symlinking /home/ubuntu/jetarm/devel/share/roseus/ros/hiwonder_interfaces/srv/GetRobotPose.l
Symlinking /home/ubuntu/jetarm/devel/share/roseus/ros/hiwonder_interfaces/srv/SetTarget.l
Symlinking /home/ubuntu/jetarm/devel/share/roseus/ros/hiwonder_interfaces/srv/GetServoState.l
Symlinking /home/ubuntu/jetarm/devel/share/roseus/ros/hiwonder_interfaces/srv/SetJointValue.l
Symlinking /home/ubuntu/jetarm/devel/share/roseus/ros/hiwonder_interfaces/srv/SetUint8.l
Symlinking /home/ubuntu/jetarm/devel/share/roseus/ros/hiwonder_interfaces/srv/SetStringBool.l
Symlinking /home/ubuntu/jetarm/devel/share/roseus/ros/hiwonder_interfaces/srv/SetJointRange.l
Symlinking /home/ubuntu/jetarm/devel/share/roseus/ros/hiwonder_interfaces/srv/SetInt8.l
Symlinking /home/ubuntu/jetarm/devel/share/roseus/ros/hiwonder_interfaces/srv/GetTarget.l
Symlinking /home/ubuntu/jetarm/devel/share/roseus/ros/hiwonder_interfaces/srv/GetLink.l
Symlinking /home/ubuntu/jetarm/devel/share/roseus/ros/hiwonder_interfaces/srv/GetJointRange.l
Symlinking /home/ubuntu/jetarm/devel/share/roseus/ros/hiwonder_interfaces/srv/SetLink.l
Symlinking /home/ubuntu/jetarm/devel/share/gennodejs/ros/hiwonder_interfaces/_index.js
Symlinking /home/ubuntu/jetarm/devel/share/gennodejs/ros/hiwonder_interfaces/msg/MoveGoal.js
Symlinking /home/ubuntu/jetarm/devel/share/gennodejs/ros/hiwonder_interfaces/msg/Link.js
Symlinking /home/ubuntu/jetarm/devel/share/gennodejs/ros/hiwonder_interfaces/msg/Buzzer.js
Symlinking /home/ubuntu/jetarm/devel/share/gennodejs/ros/hiwonder_interfaces/msg/ImageSize.js
Symlinking /home/ubuntu/jetarm/devel/share/gennodejs/ros/hiwonder_interfaces/msg/ObjectsInfo.js
Symlinking /home/ubuntu/jetarm/devel/share/gennodejs/ros/hiwonder_interfaces/msg/JointsRange.js
Symlinking /home/ubuntu/jetarm/devel/share/gennodejs/ros/hiwonder_interfaces/msg/RawIdPosDur.js
Symlinking /home/ubuntu/jetarm/devel/share/gennodejs/ros/hiwonder_interfaces/msg/SerialServoBool.js
Symlinking /home/ubuntu/jetarm/devel/share/gennodejs/ros/hiwonder_interfaces/msg/MultiRawIdPosDur.js
Symlinking /home/ubuntu/jetarm/devel/share/gennodejs/ros/hiwonder_interfaces/msg/SetPose.js
Symlinking /home/ubuntu/jetarm/devel/share/gennodejs/ros/hiwonder_interfaces/msg/_index.js
Symlinking /home/ubuntu/jetarm/devel/share/gennodejs/ros/hiwonder_interfaces/msg/MoveResult.js
Symlinking /home/ubuntu/jetarm/devel/share/gennodejs/ros/hiwonder_interfaces/msg/PixelPosition.js
Symlinking /home/ubuntu/jetarm/devel/share/gennodejs/ros/hiwonder_interfaces/msg/JointRange.js
Symlinking /home/ubuntu/jetarm/devel/share/gennodejs/ros/hiwonder_interfaces/msg/MoveActionFeedback.js
Symlinking /home/ubuntu/jetarm/devel/share/gennodejs/ros/hiwonder_interfaces/msg/MoveActionGoal.js
Symlinking /home/ubuntu/jetarm/devel/share/gennodejs/ros/hiwonder_interfaces/msg/JointMove.js
Symlinking /home/ubuntu/jetarm/devel/share/gennodejs/ros/hiwonder_interfaces/msg/MoveActionResult.js
Symlinking /home/ubuntu/jetarm/devel/share/gennodejs/ros/hiwonder_interfaces/msg/SerialServoSelect.js
Symlinking /home/ubuntu/jetarm/devel/share/gennodejs/ros/hiwonder_interfaces/msg/SetPoseEuler.js
Symlinking /home/ubuntu/jetarm/devel/share/gennodejs/ros/hiwonder_interfaces/msg/Led.js
Symlinking /home/ubuntu/jetarm/devel/share/gennodejs/ros/hiwonder_interfaces/msg/EulerAngles.js
Symlinking /home/ubuntu/jetarm/devel/share/gennodejs/ros/hiwonder_interfaces/msg/Grasp.js
Symlinking /home/ubuntu/jetarm/devel/share/gennodejs/ros/hiwonder_interfaces/msg/SerialServoMove.js
Symlinking /home/ubuntu/jetarm/devel/share/gennodejs/ros/hiwonder_interfaces/msg/ServoStateList.js
Symlinking /home/ubuntu/jetarm/devel/share/gennodejs/ros/hiwonder_interfaces/msg/ObjectInfo.js
Symlinking /home/ubuntu/jetarm/devel/share/gennodejs/ros/hiwonder_interfaces/msg/MoveAction.js
Symlinking /home/ubuntu/jetarm/devel/share/gennodejs/ros/hiwonder_interfaces/msg/ServoState.js
Symlinking /home/ubuntu/jetarm/devel/share/gennodejs/ros/hiwonder_interfaces/msg/ObjectPose.js
Symlinking /home/ubuntu/jetarm/devel/share/gennodejs/ros/hiwonder_interfaces/msg/GraspState.js
Symlinking /home/ubuntu/jetarm/devel/share/gennodejs/ros/hiwonder_interfaces/msg/Euler.js
Symlinking /home/ubuntu/jetarm/devel/share/gennodejs/ros/hiwonder_interfaces/msg/ServoMove.js
Symlinking /home/ubuntu/jetarm/devel/share/gennodejs/ros/hiwonder_interfaces/msg/MoveFeedback.js
Symlinking /home/ubuntu/jetarm/devel/share/gennodejs/ros/hiwonder_interfaces/srv/SetRobotPose.js
Symlinking /home/ubuntu/jetarm/devel/share/gennodejs/ros/hiwonder_interfaces/srv/SetUint8.js
Symlinking /home/ubuntu/jetarm/devel/share/gennodejs/ros/hiwonder_interfaces/srv/GetTarget.js
Symlinking /home/ubuntu/jetarm/devel/share/gennodejs/ros/hiwonder_interfaces/srv/SetInt8.js
Symlinking /home/ubuntu/jetarm/devel/share/gennodejs/ros/hiwonder_interfaces/srv/GetLink.js
Symlinking /home/ubuntu/jetarm/devel/share/gennodejs/ros/hiwonder_interfaces/srv/_index.js
Symlinking /home/ubuntu/jetarm/devel/share/gennodejs/ros/hiwonder_interfaces/srv/SetJointValue.js
Symlinking /home/ubuntu/jetarm/devel/share/gennodejs/ros/hiwonder_interfaces/srv/GetRobotPose.js
Symlinking /home/ubuntu/jetarm/devel/share/gennodejs/ros/hiwonder_interfaces/srv/SerialServoTrigger.js
Symlinking /home/ubuntu/jetarm/devel/share/gennodejs/ros/hiwonder_interfaces/srv/SetJointsValue.js
Symlinking /home/ubuntu/jetarm/devel/share/gennodejs/ros/hiwonder_interfaces/srv/GetServoState.js
Symlinking /home/ubuntu/jetarm/devel/share/gennodejs/ros/hiwonder_interfaces/srv/SetStringBool.js
Symlinking /home/ubuntu/jetarm/devel/share/gennodejs/ros/hiwonder_interfaces/srv/SetTarget.js
Symlinking /home/ubuntu/jetarm/devel/share/gennodejs/ros/hiwonder_interfaces/srv/SetLink.js
Symlinking /home/ubuntu/jetarm/devel/share/gennodejs/ros/hiwonder_interfaces/srv/SetJointRange.js
Symlinking /home/ubuntu/jetarm/devel/share/gennodejs/ros/hiwonder_interfaces/srv/GetJointRange.js
Symlinking /home/ubuntu/jetarm/devel/share/common-lisp/ros/hiwonder_interfaces/msg/_package_MoveActionFeedback.lisp
Symlinking /home/ubuntu/jetarm/devel/share/common-lisp/ros/hiwonder_interfaces/msg/_package_ImageSize.lisp
Symlinking /home/ubuntu/jetarm/devel/share/common-lisp/ros/hiwonder_interfaces/msg/MoveActionResult.lisp
Symlinking /home/ubuntu/jetarm/devel/share/common-lisp/ros/hiwonder_interfaces/msg/MoveActionGoal.lisp
Symlinking /home/ubuntu/jetarm/devel/share/common-lisp/ros/hiwonder_interfaces/msg/Link.lisp
Symlinking /home/ubuntu/jetarm/devel/share/common-lisp/ros/hiwonder_interfaces/msg/Grasp.lisp
Symlinking /home/ubuntu/jetarm/devel/share/common-lisp/ros/hiwonder_interfaces/msg/ServoMove.lisp
Symlinking /home/ubuntu/jetarm/devel/share/common-lisp/ros/hiwonder_interfaces/msg/_package_PixelPosition.lisp
Symlinking /home/ubuntu/jetarm/devel/share/common-lisp/ros/hiwonder_interfaces/msg/_package_Buzzer.lisp
Symlinking /home/ubuntu/jetarm/devel/share/common-lisp/ros/hiwonder_interfaces/msg/_package_MoveResult.lisp
Symlinking /home/ubuntu/jetarm/devel/share/common-lisp/ros/hiwonder_interfaces/msg/_package_ObjectPose.lisp
Symlinking /home/ubuntu/jetarm/devel/share/common-lisp/ros/hiwonder_interfaces/msg/_package_RawIdPosDur.lisp
Symlinking /home/ubuntu/jetarm/devel/share/common-lisp/ros/hiwonder_interfaces/msg/_package_MoveGoal.lisp
Symlinking /home/ubuntu/jetarm/devel/share/common-lisp/ros/hiwonder_interfaces/msg/_package_EulerAngles.lisp
Symlinking /home/ubuntu/jetarm/devel/share/common-lisp/ros/hiwonder_interfaces/msg/MultiRawIdPosDur.lisp
Symlinking /home/ubuntu/jetarm/devel/share/common-lisp/ros/hiwonder_interfaces/msg/_package_JointMove.lisp
Symlinking /home/ubuntu/jetarm/devel/share/common-lisp/ros/hiwonder_interfaces/msg/_package_ObjectInfo.lisp
Symlinking /home/ubuntu/jetarm/devel/share/common-lisp/ros/hiwonder_interfaces/msg/ObjectPose.lisp
Symlinking /home/ubuntu/jetarm/devel/share/common-lisp/ros/hiwonder_interfaces/msg/_package_MoveFeedback.lisp
Symlinking /home/ubuntu/jetarm/devel/share/common-lisp/ros/hiwonder_interfaces/msg/MoveFeedback.lisp
Symlinking /home/ubuntu/jetarm/devel/share/common-lisp/ros/hiwonder_interfaces/msg/_package_Link.lisp
Symlinking /home/ubuntu/jetarm/devel/share/common-lisp/ros/hiwonder_interfaces/msg/JointRange.lisp
Symlinking /home/ubuntu/jetarm/devel/share/common-lisp/ros/hiwonder_interfaces/msg/Buzzer.lisp
Symlinking /home/ubuntu/jetarm/devel/share/common-lisp/ros/hiwonder_interfaces/msg/SetPoseEuler.lisp
Symlinking /home/ubuntu/jetarm/devel/share/common-lisp/ros/hiwonder_interfaces/msg/EulerAngles.lisp
Symlinking /home/ubuntu/jetarm/devel/share/common-lisp/ros/hiwonder_interfaces/msg/_package_ServoMove.lisp
Symlinking /home/ubuntu/jetarm/devel/share/common-lisp/ros/hiwonder_interfaces/msg/_package_ServoState.lisp
Symlinking /home/ubuntu/jetarm/devel/share/common-lisp/ros/hiwonder_interfaces/msg/GraspState.lisp
Symlinking /home/ubuntu/jetarm/devel/share/common-lisp/ros/hiwonder_interfaces/msg/MoveActionFeedback.lisp
Symlinking /home/ubuntu/jetarm/devel/share/common-lisp/ros/hiwonder_interfaces/msg/ServoStateList.lisp
Symlinking /home/ubuntu/jetarm/devel/share/common-lisp/ros/hiwonder_interfaces/msg/_package_ObjectsInfo.lisp
Symlinking /home/ubuntu/jetarm/devel/share/common-lisp/ros/hiwonder_interfaces/msg/_package_Euler.lisp
Symlinking /home/ubuntu/jetarm/devel/share/common-lisp/ros/hiwonder_interfaces/msg/RawIdPosDur.lisp
Symlinking /home/ubuntu/jetarm/devel/share/common-lisp/ros/hiwonder_interfaces/msg/MoveResult.lisp
Symlinking /home/ubuntu/jetarm/devel/share/common-lisp/ros/hiwonder_interfaces/msg/SetPose.lisp
Symlinking /home/ubuntu/jetarm/devel/share/common-lisp/ros/hiwonder_interfaces/msg/MoveAction.lisp
Symlinking /home/ubuntu/jetarm/devel/share/common-lisp/ros/hiwonder_interfaces/msg/PixelPosition.lisp
Symlinking /home/ubuntu/jetarm/devel/share/common-lisp/ros/hiwonder_interfaces/msg/_package_GraspState.lisp
Symlinking /home/ubuntu/jetarm/devel/share/common-lisp/ros/hiwonder_interfaces/msg/ObjectsInfo.lisp
Symlinking /home/ubuntu/jetarm/devel/share/common-lisp/ros/hiwonder_interfaces/msg/_package_SerialServoMove.lisp
Symlinking /home/ubuntu/jetarm/devel/share/common-lisp/ros/hiwonder_interfaces/msg/_package.lisp
Symlinking /home/ubuntu/jetarm/devel/share/common-lisp/ros/hiwonder_interfaces/msg/ObjectInfo.lisp
Symlinking /home/ubuntu/jetarm/devel/share/common-lisp/ros/hiwonder_interfaces/msg/SerialServoMove.lisp
Symlinking /home/ubuntu/jetarm/devel/share/common-lisp/ros/hiwonder_interfaces/msg/SerialServoBool.lisp
Symlinking /home/ubuntu/jetarm/devel/share/common-lisp/ros/hiwonder_interfaces/msg/hiwonder_interfaces-msg.asd
Symlinking /home/ubuntu/jetarm/devel/share/common-lisp/ros/hiwonder_interfaces/msg/SerialServoSelect.lisp
Symlinking /home/ubuntu/jetarm/devel/share/common-lisp/ros/hiwonder_interfaces/msg/_package_JointRange.lisp
Symlinking /home/ubuntu/jetarm/devel/share/common-lisp/ros/hiwonder_interfaces/msg/_package_SetPose.lisp
Symlinking /home/ubuntu/jetarm/devel/share/common-lisp/ros/hiwonder_interfaces/msg/Euler.lisp
Symlinking /home/ubuntu/jetarm/devel/share/common-lisp/ros/hiwonder_interfaces/msg/_package_Led.lisp
Symlinking /home/ubuntu/jetarm/devel/share/common-lisp/ros/hiwonder_interfaces/msg/_package_Grasp.lisp
Symlinking /home/ubuntu/jetarm/devel/share/common-lisp/ros/hiwonder_interfaces/msg/Led.lisp
Symlinking /home/ubuntu/jetarm/devel/share/common-lisp/ros/hiwonder_interfaces/msg/_package_ServoStateList.lisp
Symlinking /home/ubuntu/jetarm/devel/share/common-lisp/ros/hiwonder_interfaces/msg/_package_MultiRawIdPosDur.lisp
Symlinking /home/ubuntu/jetarm/devel/share/common-lisp/ros/hiwonder_interfaces/msg/JointMove.lisp
Symlinking /home/ubuntu/jetarm/devel/share/common-lisp/ros/hiwonder_interfaces/msg/MoveGoal.lisp
Symlinking /home/ubuntu/jetarm/devel/share/common-lisp/ros/hiwonder_interfaces/msg/_package_MoveActionResult.lisp
Symlinking /home/ubuntu/jetarm/devel/share/common-lisp/ros/hiwonder_interfaces/msg/_package_SerialServoBool.lisp
Symlinking /home/ubuntu/jetarm/devel/share/common-lisp/ros/hiwonder_interfaces/msg/_package_SetPoseEuler.lisp
Symlinking /home/ubuntu/jetarm/devel/share/common-lisp/ros/hiwonder_interfaces/msg/_package_MoveAction.lisp
Symlinking /home/ubuntu/jetarm/devel/share/common-lisp/ros/hiwonder_interfaces/msg/JointsRange.lisp
Symlinking /home/ubuntu/jetarm/devel/share/common-lisp/ros/hiwonder_interfaces/msg/ServoState.lisp
Symlinking /home/ubuntu/jetarm/devel/share/common-lisp/ros/hiwonder_interfaces/msg/ImageSize.lisp
Symlinking /home/ubuntu/jetarm/devel/share/common-lisp/ros/hiwonder_interfaces/msg/_package_JointsRange.lisp
Symlinking /home/ubuntu/jetarm/devel/share/common-lisp/ros/hiwonder_interfaces/msg/_package_SerialServoSelect.lisp
Symlinking /home/ubuntu/jetarm/devel/share/common-lisp/ros/hiwonder_interfaces/msg/_package_MoveActionGoal.lisp
Symlinking /home/ubuntu/jetarm/devel/share/common-lisp/ros/hiwonder_interfaces/srv/SetTarget.lisp
Symlinking /home/ubuntu/jetarm/devel/share/common-lisp/ros/hiwonder_interfaces/srv/_package_SetInt8.lisp
Symlinking /home/ubuntu/jetarm/devel/share/common-lisp/ros/hiwonder_interfaces/srv/SetLink.lisp
Symlinking /home/ubuntu/jetarm/devel/share/common-lisp/ros/hiwonder_interfaces/srv/SetJointsValue.lisp
Symlinking /home/ubuntu/jetarm/devel/share/common-lisp/ros/hiwonder_interfaces/srv/_package_SetJointsValue.lisp
Symlinking /home/ubuntu/jetarm/devel/share/common-lisp/ros/hiwonder_interfaces/srv/GetServoState.lisp
Symlinking /home/ubuntu/jetarm/devel/share/common-lisp/ros/hiwonder_interfaces/srv/_package_SerialServoTrigger.lisp
Symlinking /home/ubuntu/jetarm/devel/share/common-lisp/ros/hiwonder_interfaces/srv/_package_GetJointRange.lisp
Symlinking /home/ubuntu/jetarm/devel/share/common-lisp/ros/hiwonder_interfaces/srv/SerialServoTrigger.lisp
Symlinking /home/ubuntu/jetarm/devel/share/common-lisp/ros/hiwonder_interfaces/srv/SetStringBool.lisp
Symlinking /home/ubuntu/jetarm/devel/share/common-lisp/ros/hiwonder_interfaces/srv/GetTarget.lisp
Symlinking /home/ubuntu/jetarm/devel/share/common-lisp/ros/hiwonder_interfaces/srv/_package_SetJointValue.lisp
Symlinking /home/ubuntu/jetarm/devel/share/common-lisp/ros/hiwonder_interfaces/srv/SetJointRange.lisp
Symlinking /home/ubuntu/jetarm/devel/share/common-lisp/ros/hiwonder_interfaces/srv/_package_GetRobotPose.lisp
Symlinking /home/ubuntu/jetarm/devel/share/common-lisp/ros/hiwonder_interfaces/srv/_package_GetServoState.lisp
Symlinking /home/ubuntu/jetarm/devel/share/common-lisp/ros/hiwonder_interfaces/srv/SetUint8.lisp
Symlinking /home/ubuntu/jetarm/devel/share/common-lisp/ros/hiwonder_interfaces/srv/_package_GetTarget.lisp
Symlinking /home/ubuntu/jetarm/devel/share/common-lisp/ros/hiwonder_interfaces/srv/SetJointValue.lisp
Symlinking /home/ubuntu/jetarm/devel/share/common-lisp/ros/hiwonder_interfaces/srv/_package_SetTarget.lisp
Symlinking /home/ubuntu/jetarm/devel/share/common-lisp/ros/hiwonder_interfaces/srv/_package.lisp
Symlinking /home/ubuntu/jetarm/devel/share/common-lisp/ros/hiwonder_interfaces/srv/_package_SetUint8.lisp
Symlinking /home/ubuntu/jetarm/devel/share/common-lisp/ros/hiwonder_interfaces/srv/_package_SetJointRange.lisp
Symlinking /home/ubuntu/jetarm/devel/share/common-lisp/ros/hiwonder_interfaces/srv/hiwonder_interfaces-srv.asd
Symlinking /home/ubuntu/jetarm/devel/share/common-lisp/ros/hiwonder_interfaces/srv/_package_GetLink.lisp
Symlinking /home/ubuntu/jetarm/devel/share/common-lisp/ros/hiwonder_interfaces/srv/GetJointRange.lisp
Symlinking /home/ubuntu/jetarm/devel/share/common-lisp/ros/hiwonder_interfaces/srv/SetInt8.lisp
Symlinking /home/ubuntu/jetarm/devel/share/common-lisp/ros/hiwonder_interfaces/srv/_package_SetStringBool.lisp
Symlinking /home/ubuntu/jetarm/devel/share/common-lisp/ros/hiwonder_interfaces/srv/_package_SetRobotPose.lisp
Symlinking /home/ubuntu/jetarm/devel/share/common-lisp/ros/hiwonder_interfaces/srv/GetLink.lisp
Symlinking /home/ubuntu/jetarm/devel/share/common-lisp/ros/hiwonder_interfaces/srv/GetRobotPose.lisp
Symlinking /home/ubuntu/jetarm/devel/share/common-lisp/ros/hiwonder_interfaces/srv/SetRobotPose.lisp
Symlinking /home/ubuntu/jetarm/devel/share/common-lisp/ros/hiwonder_interfaces/srv/_package_SetLink.lisp
Symlinking /home/ubuntu/jetarm/devel/share/hiwonder_interfaces/msg/MoveGoal.msg
Symlinking /home/ubuntu/jetarm/devel/share/hiwonder_interfaces/msg/MoveFeedback.msg
Symlinking /home/ubuntu/jetarm/devel/share/hiwonder_interfaces/msg/MoveActionFeedback.msg
Symlinking /home/ubuntu/jetarm/devel/share/hiwonder_interfaces/msg/MoveActionGoal.msg
Symlinking /home/ubuntu/jetarm/devel/share/hiwonder_interfaces/msg/MoveAction.msg
Symlinking /home/ubuntu/jetarm/devel/share/hiwonder_interfaces/msg/MoveActionResult.msg
Symlinking /home/ubuntu/jetarm/devel/share/hiwonder_interfaces/msg/MoveResult.msg
Symlinking /home/ubuntu/jetarm/devel/share/hiwonder_interfaces/cmake/hiwonder_interfaces-msg-paths.cmake
Symlinking /home/ubuntu/jetarm/devel/share/hiwonder_interfaces/cmake/hiwonder_interfacesConfig-version.cmake
Symlinking /home/ubuntu/jetarm/devel/share/hiwonder_interfaces/cmake/hiwonder_interfacesConfig.cmake
Symlinking /home/ubuntu/jetarm/devel/share/hiwonder_interfaces/cmake/hiwonder_interfaces-msg-extras.cmake
Symlinking /home/ubuntu/jetarm/devel/lib/pkgconfig/hiwonder_interfaces.pc
Symlinking /home/ubuntu/jetarm/devel/lib/python3/dist-packages/hiwonder_interfaces/__init__.py
Symlinking /home/ubuntu/jetarm/devel/lib/python3/dist-packages/hiwonder_interfaces/msg/_Buzzer.py
Symlinking /home/ubuntu/jetarm/devel/lib/python3/dist-packages/hiwonder_interfaces/msg/_SerialServoSelect.py
Symlinking /home/ubuntu/jetarm/devel/lib/python3/dist-packages/hiwonder_interfaces/msg/_MoveActionResult.py
Symlinking /home/ubuntu/jetarm/devel/lib/python3/dist-packages/hiwonder_interfaces/msg/_PixelPosition.py
Symlinking /home/ubuntu/jetarm/devel/lib/python3/dist-packages/hiwonder_interfaces/msg/_MoveAction.py
Symlinking /home/ubuntu/jetarm/devel/lib/python3/dist-packages/hiwonder_interfaces/msg/_ServoMove.py
Symlinking /home/ubuntu/jetarm/devel/lib/python3/dist-packages/hiwonder_interfaces/msg/_SetPose.py
Symlinking /home/ubuntu/jetarm/devel/lib/python3/dist-packages/hiwonder_interfaces/msg/_ImageSize.py
Symlinking /home/ubuntu/jetarm/devel/lib/python3/dist-packages/hiwonder_interfaces/msg/_Led.py
Symlinking /home/ubuntu/jetarm/devel/lib/python3/dist-packages/hiwonder_interfaces/msg/_EulerAngles.py
Symlinking /home/ubuntu/jetarm/devel/lib/python3/dist-packages/hiwonder_interfaces/msg/_MultiRawIdPosDur.py
Symlinking /home/ubuntu/jetarm/devel/lib/python3/dist-packages/hiwonder_interfaces/msg/_ServoStateList.py
Symlinking /home/ubuntu/jetarm/devel/lib/python3/dist-packages/hiwonder_interfaces/msg/_Euler.py
Symlinking /home/ubuntu/jetarm/devel/lib/python3/dist-packages/hiwonder_interfaces/msg/_RawIdPosDur.py
Symlinking /home/ubuntu/jetarm/devel/lib/python3/dist-packages/hiwonder_interfaces/msg/__init__.py
Symlinking /home/ubuntu/jetarm/devel/lib/python3/dist-packages/hiwonder_interfaces/msg/_ObjectPose.py
Symlinking /home/ubuntu/jetarm/devel/lib/python3/dist-packages/hiwonder_interfaces/msg/_ObjectInfo.py
Symlinking /home/ubuntu/jetarm/devel/lib/python3/dist-packages/hiwonder_interfaces/msg/_JointMove.py
Symlinking /home/ubuntu/jetarm/devel/lib/python3/dist-packages/hiwonder_interfaces/msg/_GraspState.py
Symlinking /home/ubuntu/jetarm/devel/lib/python3/dist-packages/hiwonder_interfaces/msg/_MoveActionFeedback.py
Symlinking /home/ubuntu/jetarm/devel/lib/python3/dist-packages/hiwonder_interfaces/msg/_JointsRange.py
Symlinking /home/ubuntu/jetarm/devel/lib/python3/dist-packages/hiwonder_interfaces/msg/_MoveResult.py
Symlinking /home/ubuntu/jetarm/devel/lib/python3/dist-packages/hiwonder_interfaces/msg/_MoveActionGoal.py
Symlinking /home/ubuntu/jetarm/devel/lib/python3/dist-packages/hiwonder_interfaces/msg/_SerialServoMove.py
Symlinking /home/ubuntu/jetarm/devel/lib/python3/dist-packages/hiwonder_interfaces/msg/_ServoState.py
Symlinking /home/ubuntu/jetarm/devel/lib/python3/dist-packages/hiwonder_interfaces/msg/_SetPoseEuler.py
Symlinking /home/ubuntu/jetarm/devel/lib/python3/dist-packages/hiwonder_interfaces/msg/_MoveFeedback.py
Symlinking /home/ubuntu/jetarm/devel/lib/python3/dist-packages/hiwonder_interfaces/msg/_JointRange.py
Symlinking /home/ubuntu/jetarm/devel/lib/python3/dist-packages/hiwonder_interfaces/msg/_ObjectsInfo.py
Symlinking /home/ubuntu/jetarm/devel/lib/python3/dist-packages/hiwonder_interfaces/msg/_SerialServoBool.py
Symlinking /home/ubuntu/jetarm/devel/lib/python3/dist-packages/hiwonder_interfaces/msg/_Link.py
Symlinking /home/ubuntu/jetarm/devel/lib/python3/dist-packages/hiwonder_interfaces/msg/_Grasp.py
Symlinking /home/ubuntu/jetarm/devel/lib/python3/dist-packages/hiwonder_interfaces/msg/_MoveGoal.py
Symlinking /home/ubuntu/jetarm/devel/lib/python3/dist-packages/hiwonder_interfaces/srv/_GetJointRange.py
Symlinking /home/ubuntu/jetarm/devel/lib/python3/dist-packages/hiwonder_interfaces/srv/_GetLink.py
Symlinking /home/ubuntu/jetarm/devel/lib/python3/dist-packages/hiwonder_interfaces/srv/_SetJointsValue.py
Symlinking /home/ubuntu/jetarm/devel/lib/python3/dist-packages/hiwonder_interfaces/srv/__init__.py
Symlinking /home/ubuntu/jetarm/devel/lib/python3/dist-packages/hiwonder_interfaces/srv/_SerialServoTrigger.py
Symlinking /home/ubuntu/jetarm/devel/lib/python3/dist-packages/hiwonder_interfaces/srv/_SetJointValue.py
Symlinking /home/ubuntu/jetarm/devel/lib/python3/dist-packages/hiwonder_interfaces/srv/_SetJointRange.py
Symlinking /home/ubuntu/jetarm/devel/lib/python3/dist-packages/hiwonder_interfaces/srv/_SetInt8.py
Symlinking /home/ubuntu/jetarm/devel/lib/python3/dist-packages/hiwonder_interfaces/srv/_SetTarget.py
Symlinking /home/ubuntu/jetarm/devel/lib/python3/dist-packages/hiwonder_interfaces/srv/_SetUint8.py
Symlinking /home/ubuntu/jetarm/devel/lib/python3/dist-packages/hiwonder_interfaces/srv/_GetServoState.py
Symlinking /home/ubuntu/jetarm/devel/lib/python3/dist-packages/hiwonder_interfaces/srv/_GetTarget.py
Symlinking /home/ubuntu/jetarm/devel/lib/python3/dist-packages/hiwonder_interfaces/srv/_SetRobotPose.py
Symlinking /home/ubuntu/jetarm/devel/lib/python3/dist-packages/hiwonder_interfaces/srv/_SetLink.py
Symlinking /home/ubuntu/jetarm/devel/lib/python3/dist-packages/hiwonder_interfaces/srv/_SetStringBool.py
Symlinking /home/ubuntu/jetarm/devel/lib/python3/dist-packages/hiwonder_interfaces/srv/_GetRobotPose.py
